Archive member included to satisfy reference by file (symbol)

c:/program files/microchip/xc32/v4.21/bin/bin/../../lib/gcc/pic32c/8.3.1/../../../../pic32c/lib/thumb/v8-m.base/nofp\libpic32c.a(data_init_wrapper.o)
                              build/LE00Sercom/production/_ext/268858925/startup_xc32.o (__pic32c_data_initialization)
c:/program files/microchip/xc32/v4.21/bin/bin/../../lib/gcc/pic32c/8.3.1/../../../../pic32c/lib/thumb/v8-m.base/nofp\libpic32c.a(data_init_0_1.o)
                              c:/program files/microchip/xc32/v4.21/bin/bin/../../lib/gcc/pic32c/8.3.1/../../../../pic32c/lib/thumb/v8-m.base/nofp\libpic32c.a(data_init_wrapper.o) (__pic32c_data_initialization_impl)
c:/program files/microchip/xc32/v4.21/bin/bin/../../lib/gcc/pic32c/8.3.1/../../../../pic32c/lib/thumb/v8-m.base/nofp\libc-musl.a(tolower.o)
                              build/LE00Sercom/production/_ext/1664057780/asn.o (tolower)
c:/program files/microchip/xc32/v4.21/bin/bin/../../lib/gcc/pic32c/8.3.1/../../../../pic32c/lib/thumb/v8-m.base/nofp\libc-musl.a(toupper.o)
                              build/LE00Sercom/production/_ext/1664057780/tfm.o (toupper)
c:/program files/microchip/xc32/v4.21/bin/bin/../../lib/gcc/pic32c/8.3.1/../../../../pic32c/lib/thumb/v8-m.base/nofp\libc-musl.a(__libc_start_main.o)
                              build/LE00Sercom/production/_ext/268858925/startup_xc32.o (__libc_init_array)
c:/program files/microchip/xc32/v4.21/bin/bin/../../lib/gcc/pic32c/8.3.1/../../../../pic32c/lib/thumb/v8-m.base/nofp\libc-musl.a(libc.o)
                              c:/program files/microchip/xc32/v4.21/bin/bin/../../lib/gcc/pic32c/8.3.1/../../../../pic32c/lib/thumb/v8-m.base/nofp\libc-musl.a(__libc_start_main.o) (__progname_full)
c:/program files/microchip/xc32/v4.21/bin/bin/../../lib/gcc/pic32c/8.3.1/../../../../pic32c/lib/thumb/v8-m.base/nofp\libc-musl.a(malloc.o)
                              build/LE00Sercom/production/_ext/338136904/crypto.o (free)
c:/program files/microchip/xc32/v4.21/bin/bin/../../lib/gcc/pic32c/8.3.1/../../../../pic32c/lib/thumb/v8-m.base/nofp\libc-musl.a(expand_heap.o)
                              c:/program files/microchip/xc32/v4.21/bin/bin/../../lib/gcc/pic32c/8.3.1/../../../../pic32c/lib/thumb/v8-m.base/nofp\libc-musl.a(malloc.o) (__expand_heap)
c:/program files/microchip/xc32/v4.21/bin/bin/../../lib/gcc/pic32c/8.3.1/../../../../pic32c/lib/thumb/v8-m.base/nofp\libc-musl.a(rand.o)
                              build/LE00Sercom/production/_ext/1664057780/random.o (srand)
c:/program files/microchip/xc32/v4.21/bin/bin/../../lib/gcc/pic32c/8.3.1/../../../../pic32c/lib/thumb/v8-m.base/nofp\libc-musl.a(__sio_sprintf_doux.o)
                              (_sprintf_cdnopuxX)
c:/program files/microchip/xc32/v4.21/bin/bin/../../lib/gcc/pic32c/8.3.1/../../../../pic32c/lib/thumb/v8-m.base/nofp\libc-musl.a(__fmt_d.o)
                              c:/program files/microchip/xc32/v4.21/bin/bin/../../lib/gcc/pic32c/8.3.1/../../../../pic32c/lib/thumb/v8-m.base/nofp\libc-musl.a(__sio_sprintf_doux.o) (__fmt_d_needed)
c:/program files/microchip/xc32/v4.21/bin/bin/../../lib/gcc/pic32c/8.3.1/../../../../pic32c/lib/thumb/v8-m.base/nofp\libc-musl.a(__fmt_o.o)
                              c:/program files/microchip/xc32/v4.21/bin/bin/../../lib/gcc/pic32c/8.3.1/../../../../pic32c/lib/thumb/v8-m.base/nofp\libc-musl.a(__sio_sprintf_doux.o) (__fmt_o_needed)
c:/program files/microchip/xc32/v4.21/bin/bin/../../lib/gcc/pic32c/8.3.1/../../../../pic32c/lib/thumb/v8-m.base/nofp\libc-musl.a(__fmt_s.o)
                              c:/program files/microchip/xc32/v4.21/bin/bin/../../lib/gcc/pic32c/8.3.1/../../../../pic32c/lib/thumb/v8-m.base/nofp\libc-musl.a(__sio_sprintf_doux.o) (__fmt_s_needed)
c:/program files/microchip/xc32/v4.21/bin/bin/../../lib/gcc/pic32c/8.3.1/../../../../pic32c/lib/thumb/v8-m.base/nofp\libc-musl.a(__fmt_u.o)
                              c:/program files/microchip/xc32/v4.21/bin/bin/../../lib/gcc/pic32c/8.3.1/../../../../pic32c/lib/thumb/v8-m.base/nofp\libc-musl.a(__fmt_d.o) (__cvt_u)
c:/program files/microchip/xc32/v4.21/bin/bin/../../lib/gcc/pic32c/8.3.1/../../../../pic32c/lib/thumb/v8-m.base/nofp\libc-musl.a(__fmt_x.o)
                              c:/program files/microchip/xc32/v4.21/bin/bin/../../lib/gcc/pic32c/8.3.1/../../../../pic32c/lib/thumb/v8-m.base/nofp\libc-musl.a(__sio_sprintf_doux.o) (__fmt_x_needed)
c:/program files/microchip/xc32/v4.21/bin/bin/../../lib/gcc/pic32c/8.3.1/../../../../pic32c/lib/thumb/v8-m.base/nofp\libc-musl.a(__pop_int.o)
                              c:/program files/microchip/xc32/v4.21/bin/bin/../../lib/gcc/pic32c/8.3.1/../../../../pic32c/lib/thumb/v8-m.base/nofp\libc-musl.a(__sio_sprintf_doux.o) (__pop_int_needed)
c:/program files/microchip/xc32/v4.21/bin/bin/../../lib/gcc/pic32c/8.3.1/../../../../pic32c/lib/thumb/v8-m.base/nofp\libc-musl.a(__pop_ptr.o)
[...]
Memory Configuration

Name             Origin             Length             Attributes
rom              0x00000000         0x00080000         xrl
ram              0x20000000         0x00010000         xw !r
config_00804000  0x00804000         0x00000004
config_00804004  0x00804004         0x00000004
*default*        0x00000000         0xffffffff

Linker script and memory map

LOAD c:/program files/microchip/xc32/v4.21/bin/bin/../../lib/gcc/pic32c/8.3.1/thumb/v8-m.base/nofp/crti.o
LOAD c:/program files/microchip/xc32/v4.21/bin/bin/../../lib/gcc/pic32c/8.3.1/thumb/v8-m.base/nofp/crtbegin.o
LOAD build/LE00Sercom/production/_ext/338136904/crypto.o
LOAD build/LE00Sercom/production/_ext/1458772643/plib_clock.o
LOAD build/LE00Sercom/production/_ext/1456623157/plib_evsys.o
LOAD build/LE00Sercom/production/_ext/600909389/plib_nvic.o
LOAD build/LE00Sercom/production/_ext/264108769/plib_nvmctrl.o
LOAD build/LE00Sercom/production/_ext/1904533746/plib_pm.o
LOAD build/LE00Sercom/production/_ext/600856238/plib_port.o
LOAD build/LE00Sercom/production/_ext/1031848040/plib_sercom2_usart.o
LOAD build/LE00Sercom/production/_ext/1904533632/plib_tc0.o
LOAD build/LE00Sercom/production/_ext/1904533632/plib_tc2.o
LOAD build/LE00Sercom/production/_ext/600734328/plib_trng.o
LOAD build/LE00Sercom/production/_ext/906818599/xc32_monitor.o
LOAD build/LE00Sercom/production/_ext/1384480762/sys_int.o
LOAD build/LE00Sercom/production/_ext/1726704544/sys_time.o
LOAD build/LE00Sercom/production/_ext/268858925/libc_syscalls.o
LOAD build/LE00Sercom/production/_ext/268858925/exceptions.o
LOAD build/LE00Sercom/production/_ext/268858925/startup_xc32.o
LOAD build/LE00Sercom/production/_ext/268858925/interrupts.o
LOAD build/LE00Sercom/production/_ext/268858925/initialization.o
LOAD build/LE00Sercom/production/_ext/268858925/tasks.o
LOAD build/LE00Sercom/production/_ext/172253694/crypt_sha384_sam6156.o
LOAD build/LE00Sercom/production/_ext/172253694/crypt_sha1_sam6156.o
LOAD build/LE00Sercom/production/_ext/172253694/crypt_sha512_sam6156.o
LOAD build/LE00Sercom/production/_ext/172253694/crypt_sha256_sam6156.o
LOAD build/LE00Sercom/production/_ext/172253694/crypt_tdes_sam6150.o
LOAD build/LE00Sercom/production/_ext/172253694/crypt_ecc_ba414e.o
LOAD build/LE00Sercom/production/_ext/172253694/crypt_sha256_sam11105.o
LOAD build/LE00Sercom/production/_ext/172253694/crypt_rng_u2242.o
LOAD build/LE00Sercom/production/_ext/172253694/crypt_sha224_sam6156.o
LOAD build/LE00Sercom/production/_ext/172253694/crypt_rng_sam6334.o
LOAD build/LE00Sercom/production/_ext/172253694/crypt_ecc_pukcl.o
LOAD build/LE00Sercom/production/_ext/172253694/crypt_wolfcryptcb.o
LOAD build/LE00Sercom/production/_ext/172253694/crypt_pukcl_functions.o
LOAD build/LE00Sercom/production/_ext/172253694/crypt_sha224_sam11105.o
LOAD build/LE00Sercom/production/_ext/172253694/crypt_aes_u2238.o
LOAD build/LE00Sercom/production/_ext/172253694/crypt_sam_u2803.o
LOAD build/LE00Sercom/production/_ext/172253694/pic32mz-crypt.o
LOAD build/LE00Sercom/production/_ext/172253694/crypt_aes_sam6149.o
LOAD build/LE00Sercom/production/_ext/172253694/crypt_rsa_pukcl.o
LOAD build/LE00Sercom/production/_ext/172253694/crypt_sha1_sam11105.o
LOAD build/LE00Sercom/production/_ext/1664057780/chacha.o
LOAD build/LE00Sercom/production/_ext/1664057780/aes.o
LOAD build/LE00Sercom/production/_ext/1664057780/wc_encrypt.o
LOAD build/LE00Sercom/production/_ext/1664057780/wolfmath.o
LOAD build/LE00Sercom/production/_ext/1664057780/fe_operations.o
LOAD build/LE00Sercom/production/_ext/1664057780/falcon.o
LOAD build/LE00Sercom/production/_ext/1664057780/dsa.o
LOAD build/LE00Sercom/production/_ext/1664057780/integer.o
LOAD build/LE00Sercom/production/_ext/1664057780/rc2.o
LOAD build/LE00Sercom/production/_ext/1664057780/sakke.o
LOAD build/LE00Sercom/production/_ext/1664057780/sp_cortexm.o
LOAD build/LE00Sercom/production/_ext/1664057780/ge_448.o
LOAD build/LE00Sercom/production/_ext/1664057780/wc_port.o
LOAD build/LE00Sercom/production/_ext/1664057780/wolfevent.o
LOAD build/LE00Sercom/production/_ext/1664057780/sp_arm32.o
LOAD build/LE00Sercom/production/_ext/1664057780/cpuid.o
LOAD build/LE00Sercom/production/_ext/1664057780/hash.o
LOAD build/LE00Sercom/production/_ext/1664057780/md5.o
LOAD build/LE00Sercom/production/_ext/1664057780/sp_dsp32.o
LOAD build/LE00Sercom/production/_ext/1664057780/hmac.o
LOAD build/LE00Sercom/production/_ext/1664057780/ed25519.o
LOAD build/LE00Sercom/production/_ext/1664057780/ecc_fp.o
LOAD build/LE00Sercom/production/_ext/1664057780/sp_armthumb.o
LOAD build/LE00Sercom/production/_ext/1664057780/asn.o
LOAD build/LE00Sercom/production/_ext/1664057780/wc_dsp.o
LOAD build/LE00Sercom/production/_ext/1664057780/sp_c64.o
LOAD build/LE00Sercom/production/_ext/1664057780/sha512.o
LOAD build/LE00Sercom/production/_ext/1664057780/wc_pkcs11.o
LOAD build/LE00Sercom/production/_ext/1664057780/sha256.o
LOAD build/LE00Sercom/production/_ext/1664057780/sha3.o
LOAD build/LE00Sercom/production/_ext/1664057780/asm.o
LOAD build/LE00Sercom/production/_ext/1664057780/ge_operations.o
LOAD build/LE00Sercom/production/_ext/1664057780/pkcs12.o
LOAD build/LE00Sercom/production/_ext/1664057780/cryptocb.o
LOAD build/LE00Sercom/production/_ext/1664057780/siphash.o
LOAD build/LE00Sercom/production/_ext/1664057780/md2.o
LOAD build/LE00Sercom/production/_ext/1664057780/memory.o
LOAD build/LE00Sercom/production/_ext/1664057780/curve25519.o
LOAD build/LE00Sercom/production/_ext/1664057780/curve448.o
LOAD build/LE00Sercom/production/_ext/1664057780/ecc.o
LOAD build/LE00Sercom/production/_ext/1664057780/compress.o
LOAD build/LE00Sercom/production/_ext/1664057780/ed448.o
LOAD build/LE00Sercom/production/_ext/1664057780/error.o
LOAD build/LE00Sercom/production/_ext/1664057780/sp_c32.o
LOAD build/LE00Sercom/production/_ext/1664057780/arc4.o
LOAD build/LE00Sercom/production/_ext/1664057780/pkcs7.o
LOAD build/LE00Sercom/production/_ext/1664057780/des3.o
LOAD build/LE00Sercom/production/_ext/1664057780/signature.o
LOAD build/LE00Sercom/production/_ext/1664057780/chacha20_poly1305.o
LOAD build/LE00Sercom/production/_ext/1664057780/poly1305.o
LOAD build/LE00Sercom/production/_ext/1664057780/kdf.o
LOAD build/LE00Sercom/production/_ext/1664057780/dh.o
LOAD build/LE00Sercom/production/_ext/1664057780/evp.o
LOAD build/LE00Sercom/production/_ext/1664057780/misc.o
LOAD build/LE00Sercom/production/_ext/1664057780/random.o
LOAD build/LE00Sercom/production/_ext/1664057780/fe_448.o
LOAD build/LE00Sercom/production/_ext/1664057780/fe_low_mem.o
LOAD build/LE00Sercom/production/_ext/1664057780/sp_int.o
LOAD build/LE00Sercom/production/_ext/1664057780/ge_low_mem.o
LOAD build/LE00Sercom/production/_ext/1664057780/ripemd.o
LOAD build/LE00Sercom/production/_ext/1664057780/tfm.o
LOAD build/LE00Sercom/production/_ext/1664057780/md4.o
LOAD build/LE00Sercom/production/_ext/1664057780/sp_arm64.o
LOAD build/LE00Sercom/production/_ext/1664057780/sha.o
LOAD build/LE00Sercom/production/_ext/1664057780/eccsi.o
LOAD build/LE00Sercom/production/_ext/1664057780/blake2s.o
LOAD build/LE00Sercom/production/_ext/1664057780/srp.o
LOAD build/LE00Sercom/production/_ext/1664057780/logging.o
LOAD build/LE00Sercom/production/_ext/1664057780/sp_x86_64.o
LOAD build/LE00Sercom/production/_ext/1664057780/camellia.o
LOAD build/LE00Sercom/production/_ext/1664057780/rsa.o
LOAD build/LE00Sercom/production/_ext/1664057780/pwdbased.o
LOAD build/LE00Sercom/production/_ext/1664057780/cmac.o
LOAD build/LE00Sercom/production/_ext/1664057780/blake2b.o
LOAD build/LE00Sercom/production/_ext/1664057780/coding.o
LOAD build/LE00Sercom/production/_ext/1360937237/main.o
LOAD build/LE00Sercom/production/_ext/1360937237/app.o
                0x00000001                __MPLAB_BUILD = 0x1
                0x00080000                __rom_end = (ORIGIN (rom) + LENGTH (rom))
                0x20010000                __ram_end = (ORIGIN (ram) + LENGTH (ram))

.config_00804000
 *(.config_00804000)

.config_00804004
 *(.config_00804004)

.vectors        0x00000000      0x15c
                0x00000000                . = ALIGN (0x4)
                0x00000000                _sfixed = .
 *(.vectors .vectors.* .vectors_default .vectors_default.*)
 .vectors.exception_table
                0x00000000      0x15c build/LE00Sercom/production/_ext/268858925/interrupts.o
                0x00000000                exception_table
 *(.isr_vector)
 *(.reset*)
 *(.after_vectors)

.text           0x0000015c       0x20
                0x0000015c                . = ALIGN (0x4)
 *(.glue_7t)
 .glue_7t       0x0000015c        0x0 linker stubs
 *(.glue_7)
 .glue_7        0x0000015c        0x0 linker stubs
 *(.gnu.linkonce.r.*)
 *(.ARM.extab* .gnu.linkonce.armextab.*)
                0x0000015c                . = ALIGN (0x4)
 *(.init)
 .init          0x0000015c        0x4 c:/program files/microchip/xc32/v4.21/bin/bin/../../lib/gcc/pic32c/8.3.1/thumb/v8-m.base/nofp/crti.o
                0x0000015c                _init
 .init          0x00000160        0x8 c:/program files/microchip/xc32/v4.21/bin/bin/../../lib/gcc/pic32c/8.3.1/thumb/v8-m.base/nofp/crtn.o
                0x00000168                . = ALIGN (0x4)
                0x00000168                __preinit_array_start = .
 *(.preinit_array)
                0x00000168                __preinit_array_end = .
                0x00000168                . = ALIGN (0x4)
                0x00000168                __init_array_start = .
 *(SORT_BY_NAME(.init_array.*))
 *(.init_array)
 .init_array    0x00000168        0x4 c:/program files/microchip/xc32/v4.21/bin/bin/../../lib/gcc/pic32c/8.3.1/thumb/v8-m.base/nofp/crtbegin.o
                0x0000016c                __init_array_end = .
                0x0000016c                . = ALIGN (0x4)
 *crtbegin.o(.ctors)
 *(EXCLUDE_FILE(*crtend.o) .ctors)
 *(SORT_BY_NAME(.ctors.*))
 *crtend.o(.ctors)
                0x0000016c                . = ALIGN (0x4)
 *(.fini)
 .fini          0x0000016c        0x4 c:/program files/microchip/xc32/v4.21/bin/bin/../../lib/gcc/pic32c/8.3.1/thumb/v8-m.base/nofp/crti.o
                0x0000016c                _fini
 .fini          0x00000170        0x8 c:/program files/microchip/xc32/v4.21/bin/bin/../../lib/gcc/pic32c/8.3.1/thumb/v8-m.base/nofp/crtn.o
                0x00000178                . = ALIGN (0x4)
                0x00000178                __fini_array_start = .
 *(.fini_array)
 .fini_array    0x00000178        0x4 c:/program files/microchip/xc32/v4.21/bin/bin/../../lib/gcc/pic32c/8.3.1/thumb/v8-m.base/nofp/crtbegin.o
 *(SORT_BY_NAME(.fini_array.*))
                0x0000017c                __fini_array_end = .
 *crtbegin.o(.dtors)
 *(EXCLUDE_FILE(*crtend.o) .dtors)
 *(SORT_BY_NAME(.dtors.*))
 *crtend.o(.dtors)
                0x0000017c                . = ALIGN (0x4)
                0x0000017c                _efixed = .
                [!provide]                PROVIDE (__exidx_start = .)

.ARM.exidx      0x0000017c        0x8
 *(.ARM.exidx* .gnu.linkonce.armexidx.*)
 .ARM.exidx     0x0000017c        0x8 c:/program files/microchip/xc32/v4.21/bin/bin/../../lib/gcc/pic32c/8.3.1/thumb/v8-m.base/nofp\libgcc.a(_udivmoddi4.o)
                [!provide]                PROVIDE (__exidx_end = .)
                0x00000184                . = ALIGN (0x4)
                0x00000184                _etext = .

.bss            0x20000000        0x0
                0x20000000                . = ALIGN (0x4)
                0x20000000                __bss_start__ = .
                0x20000000                _sbss = .
                0x20000000                _szero = .
 *(COMMON)
                0x20000000                . = ALIGN (0x4)
                0x20000000                __bss_end__ = .
                0x20000000                _ebss = .
                0x20000000                _ezero = .
                0x20000000                . = ALIGN (0x4)
                0x20000000                _end = .
                0x2000ffff                _ram_end_ = ((ORIGIN (ram) + LENGTH (ram)) - 0x1)
                0x00000200                _min_heap_size = 0x200
START GROUP
LOAD c:/program files/microchip/xc32/v4.21/bin/bin/../../lib/gcc/pic32c/8.3.1/../../../../pic32c/lib/thumb/v8-m.base/nofp\libpic32c.a
LOAD c:/program files/microchip/xc32/v4.21/bin/bin/../../lib/gcc/pic32c/8.3.1/../../../../pic32c/lib/thumb/v8-m.base/nofp\libm-emfloat.a
LOAD c:/program files/microchip/xc32/v4.21/bin/bin/../../lib/gcc/pic32c/8.3.1/../../../../pic32c/lib/thumb/v8-m.base/nofp\libc-musl.a
LOAD c:/program files/microchip/xc32/v4.21/bin/bin/../../lib/gcc/pic32c/8.3.1/../../../../pic32c/lib/thumb/v8-m.base/nofp\libm-emfloat.a
LOAD c:/program files/microchip/xc32/v4.21/bin/bin/../../lib/gcc/pic32c/8.3.1/thumb/v8-m.base/nofp\libgcc.a
END GROUP
LOAD c:/program files/microchip/xc32/v4.21/bin/bin/../../lib/gcc/pic32c/8.3.1/thumb/v8-m.base/nofp/crtend.o
LOAD c:/program files/microchip/xc32/v4.21/bin/bin/../../lib/gcc/pic32c/8.3.1/thumb/v8-m.base/nofp/crtn.o
OUTPUT(dist/LE00Sercom/production/LE00Sercom.X.production.elf elf32-littlearm)
LOAD stack
LOAD data_init

.ARM.attributes
                0x00000000       0x30
 .ARM.attributes
                0x00000000       0x22 c:/program files/microchip/xc32/v4.21/bin/bin/../../lib/gcc/pic32c/8.3.1/thumb/v8-m.base/nofp/crti.o
 .ARM.attributes
                0x00000022       0x30 c:/program files/microchip/xc32/v4.21/bin/bin/../../lib/gcc/pic32c/8.3.1/thumb/v8-m.base/nofp/crtbegin.o
 .ARM.attributes
                0x00000052       0x30 build/LE00Sercom/production/_ext/1458772643/plib_clock.o
 .ARM.attributes
                0x00000082       0x30 build/LE00Sercom/production/_ext/1456623157/plib_evsys.o
 .ARM.attributes
                0x000000b2       0x30 build/LE00Sercom/production/_ext/600909389/plib_nvic.o
 .ARM.attributes
                0x000000e2       0x30 build/LE00Sercom/production/_ext/264108769/plib_nvmctrl.o
 .ARM.attributes
                0x00000112       0x30 build/LE00Sercom/production/_ext/1904533746/plib_pm.o
 .ARM.attributes
                0x00000142       0x30 build/LE00Sercom/production/_ext/600856238/plib_port.o
 .ARM.attributes
                0x00000172       0x30 build/LE00Sercom/production/_ext/1031848040/plib_sercom2_usart.o
 .ARM.attributes
                0x000001a2       0x30 build/LE00Sercom/production/_ext/1904533632/plib_tc0.o
 .ARM.attributes
                0x000001d2       0x30 build/LE00Sercom/production/_ext/1904533632/plib_tc2.o
 .ARM.attributes
                0x00000202       0x30 build/LE00Sercom/production/_ext/600734328/plib_trng.o
 .ARM.attributes
                0x00000232       0x30 build/LE00Sercom/production/_ext/906818599/xc32_monitor.o
 .ARM.attributes
                0x00000262       0x30 build/LE00Sercom/production/_ext/1384480762/sys_int.o
 .ARM.attributes
                0x00000292       0x30 build/LE00Sercom/production/_ext/1726704544/sys_time.o
 .ARM.attributes
                0x000002c2       0x30 build/LE00Sercom/production/_ext/268858925/exceptions.o
 .ARM.attributes
                0x000002f2       0x30 build/LE00Sercom/production/_ext/268858925/startup_xc32.o
 .ARM.attributes
                0x00000322       0x30 build/LE00Sercom/production/_ext/268858925/interrupts.o
 .ARM.attributes
                0x00000352       0x30 build/LE00Sercom/production/_ext/268858925/initialization.o
 .ARM.attributes
                0x00000382       0x30 build/LE00Sercom/production/_ext/268858925/tasks.o
 .ARM.attributes
                0x000003b2       0x30 build/LE00Sercom/production/_ext/172253694/crypt_wolfcryptcb.o
 .ARM.attributes
                0x000003e2       0x30 build/LE00Sercom/production/_ext/1664057780/cryptocb.o
 .ARM.attributes
                0x00000412       0x30 build/LE00Sercom/production/_ext/1360937237/main.o
 .ARM.attributes
                0x00000442       0x30 build/LE00Sercom/production/_ext/1360937237/app.o
 .ARM.attributes
                0x00000472       0x30 c:/program files/microchip/xc32/v4.21/bin/bin/../../lib/gcc/pic32c/8.3.1/../../../../pic32c/lib/thumb/v8-m.base/nofp\libpic32c.a(data_init_wrapper.o)
 .ARM.attributes
                0x000004a2       0x30 c:/program files/microchip/xc32/v4.21/bin/bin/../../lib/gcc/pic32c/8.3.1/../../../../pic32c/lib/thumb/v8-m.base/nofp\libpic32c.a(data_init_0_1.o)
 .ARM.attributes
                0x000004d2       0x32 c:/program files/microchip/xc32/v4.21/bin/bin/../../lib/gcc/pic32c/8.3.1/../../../../pic32c/lib/thumb/v8-m.base/nofp\libc-musl.a(tolower.o)
 .ARM.attributes
                0x00000504       0x32 c:/program files/microchip/xc32/v4.21/bin/bin/../../lib/gcc/pic32c/8.3.1/../../../../pic32c/lib/thumb/v8-m.base/nofp\libc-musl.a(toupper.o)
 .ARM.attributes
                0x00000536       0x32 c:/program files/microchip/xc32/v4.21/bin/bin/../../lib/gcc/pic32c/8.3.1/../../../../pic32c/lib/thumb/v8-m.base/nofp\libc-musl.a(__libc_start_main.o)
 .ARM.attributes
                0x00000568       0x32 c:/program files/microchip/xc32/v4.21/bin/bin/../../lib/gcc/pic32c/8.3.1/../../../../pic32c/lib/thumb/v8-m.base/nofp\libc-musl.a(libc.o)
 .ARM.attributes
                0x0000059a       0x32 c:/program files/microchip/xc32/v4.21/bin/bin/../../lib/gcc/pic32c/8.3.1/../../../../pic32c/lib/thumb/v8-m.base/nofp\libc-musl.a(malloc.o)
 .ARM.attributes
                0x000005cc       0x32 c:/program files/microchip/xc32/v4.21/bin/bin/../../lib/gcc/pic32c/8.3.1/../../../../pic32c/lib/thumb/v8-m.base/nofp\libc-musl.a(expand_heap.o)
 .ARM.attributes
                0x000005fe       0x32 c:/program files/microchip/xc32/v4.21/bin/bin/../../lib/gcc/pic32c/8.3.1/../../../../pic32c/lib/thumb/v8-m.base/nofp\libc-musl.a(__sio_sprintf_doux.o)
 .ARM.attributes
                0x00000630       0x32 c:/program files/microchip/xc32/v4.21/bin/bin/../../lib/gcc/pic32c/8.3.1/../../../../pic32c/lib/thumb/v8-m.base/nofp\libc-musl.a(__fmt_d.o)
 .ARM.attributes
                0x00000662       0x32 c:/program files/microchip/xc32/v4.21/bin/bin/../../lib/gcc/pic32c/8.3.1/../../../../pic32c/lib/thumb/v8-m.base/nofp\libc-musl.a(__fmt_o.o)
 .ARM.attributes
                0x00000694       0x32 c:/program files/microchip/xc32/v4.21/bin/bin/../../lib/gcc/pic32c/8.3.1/../../../../pic32c/lib/thumb/v8-m.base/nofp\libc-musl.a(__fmt_s.o)
 .ARM.attributes
                0x000006c6       0x32 c:/program files/microchip/xc32/v4.21/bin/bin/../../lib/gcc/pic32c/8.3.1/../../../../pic32c/lib/thumb/v8-m.base/nofp\libc-musl.a(__fmt_u.o)
 .ARM.attributes
                0x000006f8       0x32 c:/program files/microchip/xc32/v4.21/bin/bin/../../lib/gcc/pic32c/8.3.1/../../../../pic32c/lib/thumb/v8-m.base/nofp\libc-musl.a(__fmt_x.o)
 .ARM.attributes
                0x0000072a       0x32 c:/program files/microchip/xc32/v4.21/bin/bin/../../lib/gcc/pic32c/8.3.1/../../../../pic32c/lib/thumb/v8-m.base/nofp\libc-musl.a(__pop_int.o)
 .ARM.attributes
                0x0000075c       0x32 c:/program files/microchip/xc32/v4.21/bin/bin/../../lib/gcc/pic32c/8.3.1/../../../../pic32c/lib/thumb/v8-m.base/nofp\libc-musl.a(__pop_ptr.o)
 .ARM.attributes
                0x0000078e       0x32 c:/program files/microchip/xc32/v4.21/bin/bin/../../lib/gcc/pic32c/8.3.1/../../../../pic32c/lib/thumb/v8-m.base/nofp\libc-musl.a(__printf_core.o)
 .ARM.attributes
                0x000007c0       0x32 c:/program files/microchip/xc32/v4.21/bin/bin/../../lib/gcc/pic32c/8.3.1/../../../../pic32c/lib/thumb/v8-m.base/nofp\libc-musl.a(stdin.o)
 .ARM.attributes
                0x000007f2       0x32 c:/program files/microchip/xc32/v4.21/bin/bin/../../lib/gcc/pic32c/8.3.1/../../../../pic32c/lib/thumb/v8-m.base/nofp\libc-musl.a(stdout.o)
 .ARM.attributes
                0x00000824       0x32 c:/program files/microchip/xc32/v4.21/bin/bin/../../lib/gcc/pic32c/8.3.1/../../../../pic32c/lib/thumb/v8-m.base/nofp\libc-musl.a(setbuf.o)
 .ARM.attributes
                0x00000856       0x32 c:/program files/microchip/xc32/v4.21/bin/bin/../../lib/gcc/pic32c/8.3.1/../../../../pic32c/lib/thumb/v8-m.base/nofp\libc-musl.a(atoi.o)
 .ARM.attributes
                0x00000888       0x32 c:/program files/microchip/xc32/v4.21/bin/bin/../../lib/gcc/pic32c/8.3.1/../../../../pic32c/lib/thumb/v8-m.base/nofp\libc-musl.a(memcpy.o)
 .ARM.attributes
                0x000008ba       0x32 c:/program files/microchip/xc32/v4.21/bin/bin/../../lib/gcc/pic32c/8.3.1/../../../../pic32c/lib/thumb/v8-m.base/nofp\libc-musl.a(memset.o)
 .ARM.attributes
                0x000008ec       0x32 c:/program files/microchip/xc32/v4.21/bin/bin/../../lib/gcc/pic32c/8.3.1/../../../../pic32c/lib/thumb/v8-m.base/nofp\libc-musl.a(strlen.o)
 .ARM.attributes
                0x0000091e       0x32 c:/program files/microchip/xc32/v4.21/bin/bin/../../lib/gcc/pic32c/8.3.1/../../../../pic32c/lib/thumb/v8-m.base/nofp\libc-musl.a(__environ.o)
 .ARM.attributes
                0x00000950       0x32 c:/program files/microchip/xc32/v4.21/bin/bin/../../lib/gcc/pic32c/8.3.1/../../../../pic32c/lib/thumb/v8-m.base/nofp\libc-musl.a(__errno_location.o)
 .ARM.attributes
                0x00000982       0x32 c:/program files/microchip/xc32/v4.21/bin/bin/../../lib/gcc/pic32c/8.3.1/../../../../pic32c/lib/thumb/v8-m.base/nofp\libc-musl.a(__int_vsprintf.o)
 .ARM.attributes
                0x000009b4       0x32 c:/program files/microchip/xc32/v4.21/bin/bin/../../lib/gcc/pic32c/8.3.1/../../../../pic32c/lib/thumb/v8-m.base/nofp\libc-musl.a(__pop_float.o)
 .ARM.attributes
                0x000009e6       0x32 c:/program files/microchip/xc32/v4.21/bin/bin/../../lib/gcc/pic32c/8.3.1/../../../../pic32c/lib/thumb/v8-m.base/nofp\libc-musl.a(__stdio_read.o)
 .ARM.attributes
                0x00000a18       0x32 c:/program files/microchip/xc32/v4.21/bin/bin/../../lib/gcc/pic32c/8.3.1/../../../../pic32c/lib/thumb/v8-m.base/nofp\libc-musl.a(__towrite_rw.o)
 .ARM.attributes
                0x00000a4a       0x32 c:/program files/microchip/xc32/v4.21/bin/bin/../../lib/gcc/pic32c/8.3.1/../../../../pic32c/lib/thumb/v8-m.base/nofp\libc-musl.a(setvbuf.o)
 .ARM.attributes
                0x00000a7c       0x32 c:/program files/microchip/xc32/v4.21/bin/bin/../../lib/gcc/pic32c/8.3.1/../../../../pic32c/lib/thumb/v8-m.base/nofp\libc-musl.a(readv.o)
 .ARM.attributes
                0x00000aae       0x32 c:/program files/microchip/xc32/v4.21/bin/bin/../../lib/gcc/pic32c/8.3.1/../../../../pic32c/lib/thumb/v8-m.base/nofp\libc-musl.a(__int_vsnprintf.o)
 .ARM.attributes
                0x00000ae0       0x32 c:/program files/microchip/xc32/v4.21/bin/bin/../../lib/gcc/pic32c/8.3.1/../../../../pic32c/lib/thumb/v8-m.base/nofp\libc-musl.a(__init_stdio.o)
 .ARM.attributes
                0x00000b12       0x32 c:/program files/microchip/xc32/v4.21/bin/bin/../../lib/gcc/pic32c/8.3.1/../../../../pic32c/lib/thumb/v8-m.base/nofp\libc-musl.a(__out.o)
 .ARM.attributes
                0x00000b44       0x32 c:/program files/microchip/xc32/v4.21/bin/bin/../../lib/gcc/pic32c/8.3.1/../../../../pic32c/lib/thumb/v8-m.base/nofp\libc-musl.a(__stderr.o)
 .ARM.attributes
                0x00000b76       0x32 c:/program files/microchip/xc32/v4.21/bin/bin/../../lib/gcc/pic32c/8.3.1/../../../../pic32c/lib/thumb/v8-m.base/nofp\libc-musl.a(__stdio_close.o)
 .ARM.attributes
                0x00000ba8       0x32 c:/program files/microchip/xc32/v4.21/bin/bin/../../lib/gcc/pic32c/8.3.1/../../../../pic32c/lib/thumb/v8-m.base/nofp\libc-musl.a(__stdio_write.o)
 .ARM.attributes
                0x00000bda       0x32 c:/program files/microchip/xc32/v4.21/bin/bin/../../lib/gcc/pic32c/8.3.1/../../../../pic32c/lib/thumb/v8-m.base/nofp\libc-musl.a(__stdout.o)
 .ARM.attributes
                0x00000c0c       0x32 c:/program files/microchip/xc32/v4.21/bin/bin/../../lib/gcc/pic32c/8.3.1/../../../../pic32c/lib/thumb/v8-m.base/nofp\libc-musl.a(__towrite.o)
 .ARM.attributes
                0x00000c3e       0x32 c:/program files/microchip/xc32/v4.21/bin/bin/../../lib/gcc/pic32c/8.3.1/../../../../pic32c/lib/thumb/v8-m.base/nofp\libc-musl.a(writev.o)
 .ARM.attributes
                0x00000c70       0x32 c:/program files/microchip/xc32/v4.21/bin/bin/../../lib/gcc/pic32c/8.3.1/../../../../pic32c/lib/thumb/v8-m.base/nofp\libc-musl.a(__int_vfprintf.o)
 .ARM.attributes
                0x00000ca2       0x32 c:/program files/microchip/xc32/v4.21/bin/bin/../../lib/gcc/pic32c/8.3.1/../../../../pic32c/lib/thumb/v8-m.base/nofp\libc-musl.a(__fwrite.o)
 .ARM.attributes
                0x00000cd4       0x22 c:/program files/microchip/xc32/v4.21/bin/bin/../../lib/gcc/pic32c/8.3.1/thumb/v8-m.base/nofp\libgcc.a(_lshrdi3.o)
 .ARM.attributes
                0x00000cf6       0x22 c:/program files/microchip/xc32/v4.21/bin/bin/../../lib/gcc/pic32c/8.3.1/thumb/v8-m.base/nofp\libgcc.a(_ashldi3.o)
 .ARM.attributes
                0x00000d18       0x22 c:/program files/microchip/xc32/v4.21/bin/bin/../../lib/gcc/pic32c/8.3.1/thumb/v8-m.base/nofp\libgcc.a(_aeabi_uldivmod.o)
 .ARM.attributes
                0x00000d3a       0x30 c:/program files/microchip/xc32/v4.21/bin/bin/../../lib/gcc/pic32c/8.3.1/thumb/v8-m.base/nofp\libgcc.a(_muldi3.o)
 .ARM.attributes
                0x00000d6a       0x30 c:/program files/microchip/xc32/v4.21/bin/bin/../../lib/gcc/pic32c/8.3.1/thumb/v8-m.base/nofp\libgcc.a(_udivmoddi4.o)
 .ARM.attributes
                0x00000d9a       0x22 c:/program files/microchip/xc32/v4.21/bin/bin/../../lib/gcc/pic32c/8.3.1/thumb/v8-m.base/nofp\libgcc.a(_dvmd_tls.o)
 .ARM.attributes
                0x00000dbc       0x22 c:/program files/microchip/xc32/v4.21/bin/bin/../../lib/gcc/pic32c/8.3.1/thumb/v8-m.base/nofp\libgcc.a(_clzsi2.o)
 .ARM.attributes
                0x00000dde       0x30 c:/program files/microchip/xc32/v4.21/bin/bin/../../lib/gcc/pic32c/8.3.1/../../../../pic32c/lib/thumb/v8-m.base/nofp\libpic32c.a(close.o)
 .ARM.attributes
                0x00000e0e       0x30 c:/program files/microchip/xc32/v4.21/bin/bin/../../lib/gcc/pic32c/8.3.1/../../../../pic32c/lib/thumb/v8-m.base/nofp\libpic32c.a(lseek.o)
 .ARM.attributes
                0x00000e3e       0x30 c:/program files/microchip/xc32/v4.21/bin/bin/../../lib/gcc/pic32c/8.3.1/../../../../pic32c/lib/thumb/v8-m.base/nofp\libpic32c.a(sbrk.o)
 .ARM.attributes
                0x00000e6e       0x22 c:/program files/microchip/xc32/v4.21/bin/bin/../../lib/gcc/pic32c/8.3.1/thumb/v8-m.base/nofp/crtn.o

.comment        0x00000000       0x2b
 .comment       0x00000000       0x2b c:/program files/microchip/xc32/v4.21/bin/bin/../../lib/gcc/pic32c/8.3.1/thumb/v8-m.base/nofp/crtbegin.o
                                 0x2c (size before relaxing)
 .comment       0x0000002b       0x2c build/LE00Sercom/production/_ext/1458772643/plib_clock.o
 .comment       0x0000002b       0x2c build/LE00Sercom/production/_ext/1456623157/plib_evsys.o
 .comment       0x0000002b       0x2c build/LE00Sercom/production/_ext/600909389/plib_nvic.o
 .comment       0x0000002b       0x2c build/LE00Sercom/production/_ext/264108769/plib_nvmctrl.o
 .comment       0x0000002b       0x2c build/LE00Sercom/production/_ext/1904533746/plib_pm.o
 .comment       0x0000002b       0x2c build/LE00Sercom/production/_ext/600856238/plib_port.o
 .comment       0x0000002b       0x2c build/LE00Sercom/production/_ext/1031848040/plib_sercom2_usart.o
 .comment       0x0000002b       0x2c build/LE00Sercom/production/_ext/1904533632/plib_tc0.o
 .comment       0x0000002b       0x2c build/LE00Sercom/production/_ext/1904533632/plib_tc2.o
 .comment       0x0000002b       0x2c build/LE00Sercom/production/_ext/600734328/plib_trng.o
 .comment       0x0000002b       0x2c build/LE00Sercom/production/_ext/906818599/xc32_monitor.o
 .comment       0x0000002b       0x2c build/LE00Sercom/production/_ext/1384480762/sys_int.o
 .comment       0x0000002b       0x2c build/LE00Sercom/production/_ext/1726704544/sys_time.o
 .comment       0x0000002b       0x2c build/LE00Sercom/production/_ext/268858925/exceptions.o
 .comment       0x0000002b       0x2c build/LE00Sercom/production/_ext/268858925/startup_xc32.o
 .comment       0x0000002b       0x2c build/LE00Sercom/production/_ext/268858925/interrupts.o
 .comment       0x0000002b       0x2c build/LE00Sercom/production/_ext/268858925/initialization.o
 .comment       0x0000002b       0x2c build/LE00Sercom/production/_ext/268858925/tasks.o
 .comment       0x0000002b       0x2c build/LE00Sercom/production/_ext/172253694/crypt_wolfcryptcb.o
 .comment       0x0000002b       0x2c build/LE00Sercom/production/_ext/1664057780/cryptocb.o
 .comment       0x0000002b       0x2c build/LE00Sercom/production/_ext/1360937237/main.o
 .comment       0x0000002b       0x2c build/LE00Sercom/production/_ext/1360937237/app.o
 .comment       0x0000002b       0x2c c:/program files/microchip/xc32/v4.21/bin/bin/../../lib/gcc/pic32c/8.3.1/../../../../pic32c/lib/thumb/v8-m.base/nofp\libpic32c.a(data_init_wrapper.o)
 .comment       0x0000002b       0x2c c:/program files/microchip/xc32/v4.21/bin/bin/../../lib/gcc/pic32c/8.3.1/../../../../pic32c/lib/thumb/v8-m.base/nofp\libpic32c.a(data_init_0_1.o)
 .comment       0x0000002b       0x2c c:/program files/microchip/xc32/v4.21/bin/bin/../../lib/gcc/pic32c/8.3.1/../../../../pic32c/lib/thumb/v8-m.base/nofp\libc-musl.a(tolower.o)
 .comment       0x0000002b       0x2c c:/program files/microchip/xc32/v4.21/bin/bin/../../lib/gcc/pic32c/8.3.1/../../../../pic32c/lib/thumb/v8-m.base/nofp\libc-musl.a(toupper.o)
 .comment       0x0000002b       0x2c c:/program files/microchip/xc32/v4.21/bin/bin/../../lib/gcc/pic32c/8.3.1/../../../../pic32c/lib/thumb/v8-m.base/nofp\libc-musl.a(__libc_start_main.o)
 .comment       0x0000002b       0x2c c:/program files/microchip/xc32/v4.21/bin/bin/../../lib/gcc/pic32c/8.3.1/../../../../pic32c/lib/thumb/v8-m.base/nofp\libc-musl.a(libc.o)
 .comment       0x0000002b       0x2c c:/program files/microchip/xc32/v4.21/bin/bin/../../lib/gcc/pic32c/8.3.1/../../../../pic32c/lib/thumb/v8-m.base/nofp\libc-musl.a(malloc.o)
 .comment       0x0000002b       0x2c c:/program files/microchip/xc32/v4.21/bin/bin/../../lib/gcc/pic32c/8.3.1/../../../../pic32c/lib/thumb/v8-m.base/nofp\libc-musl.a(expand_heap.o)
 .comment       0x0000002b       0x2c c:/program files/microchip/xc32/v4.21/bin/bin/../../lib/gcc/pic32c/8.3.1/../../../../pic32c/lib/thumb/v8-m.base/nofp\libc-musl.a(__sio_sprintf_doux.o)
 .comment       0x0000002b       0x2c c:/program files/microchip/xc32/v4.21/bin/bin/../../lib/gcc/pic32c/8.3.1/../../../../pic32c/lib/thumb/v8-m.base/nofp\libc-musl.a(__fmt_d.o)
 .comment       0x0000002b       0x2c c:/program files/microchip/xc32/v4.21/bin/bin/../../lib/gcc/pic32c/8.3.1/../../../../pic32c/lib/thumb/v8-m.base/nofp\libc-musl.a(__fmt_o.o)
 .comment       0x0000002b       0x2c c:/program files/microchip/xc32/v4.21/bin/bin/../../lib/gcc/pic32c/8.3.1/../../../../pic32c/lib/thumb/v8-m.base/nofp\libc-musl.a(__fmt_s.o)
 .comment       0x0000002b       0x2c c:/program files/microchip/xc32/v4.21/bin/bin/../../lib/gcc/pic32c/8.3.1/../../../../pic32c/lib/thumb/v8-m.base/nofp\libc-musl.a(__fmt_u.o)
 .comment       0x0000002b       0x2c c:/program files/microchip/xc32/v4.21/bin/bin/../../lib/gcc/pic32c/8.3.1/../../../../pic32c/lib/thumb/v8-m.base/nofp\libc-musl.a(__fmt_x.o)
 .comment       0x0000002b       0x2c c:/program files/microchip/xc32/v4.21/bin/bin/../../lib/gcc/pic32c/8.3.1/../../../../pic32c/lib/thumb/v8-m.base/nofp\libc-musl.a(__pop_int.o)
 .comment       0x0000002b       0x2c c:/program files/microchip/xc32/v4.21/bin/bin/../../lib/gcc/pic32c/8.3.1/../../../../pic32c/lib/thumb/v8-m.base/nofp\libc-musl.a(__pop_ptr.o)
 .comment       0x0000002b       0x2c c:/program files/microchip/xc32/v4.21/bin/bin/../../lib/gcc/pic32c/8.3.1/../../../../pic32c/lib/thumb/v8-m.base/nofp\libc-musl.a(__printf_core.o)
 .comment       0x0000002b       0x2c c:/program files/microchip/xc32/v4.21/bin/bin/../../lib/gcc/pic32c/8.3.1/../../../../pic32c/lib/thumb/v8-m.base/nofp\libc-musl.a(stdin.o)
 .comment       0x0000002b       0x2c c:/program files/microchip/xc32/v4.21/bin/bin/../../lib/gcc/pic32c/8.3.1/../../../../pic32c/lib/thumb/v8-m.base/nofp\libc-musl.a(stdout.o)
 .comment       0x0000002b       0x2c c:/program files/microchip/xc32/v4.21/bin/bin/../../lib/gcc/pic32c/8.3.1/../../../../pic32c/lib/thumb/v8-m.base/nofp\libc-musl.a(setbuf.o)
 .comment       0x0000002b       0x2c c:/program files/microchip/xc32/v4.21/bin/bin/../../lib/gcc/pic32c/8.3.1/../../../../pic32c/lib/thumb/v8-m.base/nofp\libc-musl.a(atoi.o)
 .comment       0x0000002b       0x2c c:/program files/microchip/xc32/v4.21/bin/bin/../../lib/gcc/pic32c/8.3.1/../../../../pic32c/lib/thumb/v8-m.base/nofp\libc-musl.a(memcpy.o)
 .comment       0x0000002b       0x2c c:/program files/microchip/xc32/v4.21/bin/bin/../../lib/gcc/pic32c/8.3.1/../../../../pic32c/lib/thumb/v8-m.base/nofp\libc-musl.a(memset.o)
 .comment       0x0000002b       0x2c c:/program files/microchip/xc32/v4.21/bin/bin/../../lib/gcc/pic32c/8.3.1/../../../../pic32c/lib/thumb/v8-m.base/nofp\libc-musl.a(strlen.o)
 .comment       0x0000002b       0x2c c:/program files/microchip/xc32/v4.21/bin/bin/../../lib/gcc/pic32c/8.3.1/../../../../pic32c/lib/thumb/v8-m.base/nofp\libc-musl.a(__environ.o)
 .comment       0x0000002b       0x2c c:/program files/microchip/xc32/v4.21/bin/bin/../../lib/gcc/pic32c/8.3.1/../../../../pic32c/lib/thumb/v8-m.base/nofp\libc-musl.a(__errno_location.o)
 .comment       0x0000002b       0x2c c:/program files/microchip/xc32/v4.21/bin/bin/../../lib/gcc/pic32c/8.3.1/../../../../pic32c/lib/thumb/v8-m.base/nofp\libc-musl.a(__int_vsprintf.o)
 .comment       0x0000002b       0x2c c:/program files/microchip/xc32/v4.21/bin/bin/../../lib/gcc/pic32c/8.3.1/../../../../pic32c/lib/thumb/v8-m.base/nofp\libc-musl.a(__pop_float.o)
 .comment       0x0000002b       0x2c c:/program files/microchip/xc32/v4.21/bin/bin/../../lib/gcc/pic32c/8.3.1/../../../../pic32c/lib/thumb/v8-m.base/nofp\libc-musl.a(__stdio_read.o)
 .comment       0x0000002b       0x2c c:/program files/microchip/xc32/v4.21/bin/bin/../../lib/gcc/pic32c/8.3.1/../../../../pic32c/lib/thumb/v8-m.base/nofp\libc-musl.a(__towrite_rw.o)
 .comment       0x0000002b       0x2c c:/program files/microchip/xc32/v4.21/bin/bin/../../lib/gcc/pic32c/8.3.1/../../../../pic32c/lib/thumb/v8-m.base/nofp\libc-musl.a(setvbuf.o)
 .comment       0x0000002b       0x2c c:/program files/microchip/xc32/v4.21/bin/bin/../../lib/gcc/pic32c/8.3.1/../../../../pic32c/lib/thumb/v8-m.base/nofp\libc-musl.a(readv.o)
 .comment       0x0000002b       0x2c c:/program files/microchip/xc32/v4.21/bin/bin/../../lib/gcc/pic32c/8.3.1/../../../../pic32c/lib/thumb/v8-m.base/nofp\libc-musl.a(__int_vsnprintf.o)
 .comment       0x0000002b       0x2c c:/program files/microchip/xc32/v4.21/bin/bin/../../lib/gcc/pic32c/8.3.1/../../../../pic32c/lib/thumb/v8-m.base/nofp\libc-musl.a(__init_stdio.o)
 .comment       0x0000002b       0x2c c:/program files/microchip/xc32/v4.21/bin/bin/../../lib/gcc/pic32c/8.3.1/../../../../pic32c/lib/thumb/v8-m.base/nofp\libc-musl.a(__out.o)
 .comment       0x0000002b       0x2c c:/program files/microchip/xc32/v4.21/bin/bin/../../lib/gcc/pic32c/8.3.1/../../../../pic32c/lib/thumb/v8-m.base/nofp\libc-musl.a(__stderr.o)
 .comment       0x0000002b       0x2c c:/program files/microchip/xc32/v4.21/bin/bin/../../lib/gcc/pic32c/8.3.1/../../../../pic32c/lib/thumb/v8-m.base/nofp\libc-musl.a(__stdio_close.o)
 .comment       0x0000002b       0x2c c:/program files/microchip/xc32/v4.21/bin/bin/../../lib/gcc/pic32c/8.3.1/../../../../pic32c/lib/thumb/v8-m.base/nofp\libc-musl.a(__stdio_write.o)
 .comment       0x0000002b       0x2c c:/program files/microchip/xc32/v4.21/bin/bin/../../lib/gcc/pic32c/8.3.1/../../../../pic32c/lib/thumb/v8-m.base/nofp\libc-musl.a(__stdout.o)
 .comment       0x0000002b       0x2c c:/program files/microchip/xc32/v4.21/bin/bin/../../lib/gcc/pic32c/8.3.1/../../../../pic32c/lib/thumb/v8-m.base/nofp\libc-musl.a(__towrite.o)
 .comment       0x0000002b       0x2c c:/program files/microchip/xc32/v4.21/bin/bin/../../lib/gcc/pic32c/8.3.1/../../../../pic32c/lib/thumb/v8-m.base/nofp\libc-musl.a(writev.o)
 .comment       0x0000002b       0x2c c:/program files/microchip/xc32/v4.21/bin/bin/../../lib/gcc/pic32c/8.3.1/../../../../pic32c/lib/thumb/v8-m.base/nofp\libc-musl.a(__int_vfprintf.o)
 .comment       0x0000002b       0x2c c:/program files/microchip/xc32/v4.21/bin/bin/../../lib/gcc/pic32c/8.3.1/../../../../pic32c/lib/thumb/v8-m.base/nofp\libc-musl.a(__fwrite.o)
 .comment       0x0000002b       0x2c c:/program files/microchip/xc32/v4.21/bin/bin/../../lib/gcc/pic32c/8.3.1/thumb/v8-m.base/nofp\libgcc.a(_muldi3.o)
 .comment       0x0000002b       0x2c c:/program files/microchip/xc32/v4.21/bin/bin/../../lib/gcc/pic32c/8.3.1/thumb/v8-m.base/nofp\libgcc.a(_udivmoddi4.o)
 .comment       0x0000002b       0x2c c:/program files/microchip/xc32/v4.21/bin/bin/../../lib/gcc/pic32c/8.3.1/../../../../pic32c/lib/thumb/v8-m.base/nofp\libpic32c.a(close.o)
 .comment       0x0000002b       0x2c c:/program files/microchip/xc32/v4.21/bin/bin/../../lib/gcc/pic32c/8.3.1/../../../../pic32c/lib/thumb/v8-m.base/nofp\libpic32c.a(lseek.o)
 .comment       0x0000002b       0x2c c:/program files/microchip/xc32/v4.21/bin/bin/../../lib/gcc/pic32c/8.3.1/../../../../pic32c/lib/thumb/v8-m.base/nofp\libpic32c.a(sbrk.o)

.debug_info     0x00000000    0x2438d
 .debug_info    0x00000000      0xc2c build/LE00Sercom/production/_ext/1458772643/plib_clock.o
 .debug_info    0x00000c2c      0x312 build/LE00Sercom/production/_ext/1456623157/plib_evsys.o
 .debug_info    0x00000f3e      0xd60 build/LE00Sercom/production/_ext/600909389/plib_nvic.o
 .debug_info    0x00001c9e      0xcf4 build/LE00Sercom/production/_ext/264108769/plib_nvmctrl.o
 .debug_info    0x00002992      0x55d build/LE00Sercom/production/_ext/1904533746/plib_pm.o
 .debug_info    0x00002eef      0xd31 build/LE00Sercom/production/_ext/600856238/plib_port.o
 .debug_info    0x00003c20     0x16d5 build/LE00Sercom/production/_ext/1031848040/plib_sercom2_usart.o
 .debug_info    0x000052f5      0xb4e build/LE00Sercom/production/_ext/1904533632/plib_tc0.o
 .debug_info    0x00005e43      0xcba build/LE00Sercom/production/_ext/1904533632/plib_tc2.o
 .debug_info    0x00006afd      0x495 build/LE00Sercom/production/_ext/600734328/plib_trng.o
 .debug_info    0x00006f92      0x450 build/LE00Sercom/production/_ext/906818599/xc32_monitor.o
 .debug_info    0x000073e2      0xcf0 build/LE00Sercom/production/_ext/1384480762/sys_int.o
 .debug_info    0x000080d2     0x2abc build/LE00Sercom/production/_ext/1726704544/sys_time.o
 .debug_info    0x0000ab8e      0x336 build/LE00Sercom/production/_ext/268858925/exceptions.o
 .debug_info    0x0000aec4      0x498 build/LE00Sercom/production/_ext/268858925/startup_xc32.o
 .debug_info    0x0000b35c      0xe41 build/LE00Sercom/production/_ext/268858925/interrupts.o
 .debug_info    0x0000c19d     0x1147 build/LE00Sercom/production/_ext/268858925/initialization.o
 .debug_info    0x0000d2e4      0x31b build/LE00Sercom/production/_ext/268858925/tasks.o
 .debug_info    0x0000d5ff     0x25ae build/LE00Sercom/production/_ext/172253694/crypt_wolfcryptcb.o
 .debug_info    0x0000fbad     0x4f27 build/LE00Sercom/production/_ext/1664057780/cryptocb.o
 .debug_info    0x00014ad4      0x4e1 build/LE00Sercom/production/_ext/1360937237/main.o
 .debug_info    0x00014fb5      0x3c9 build/LE00Sercom/production/_ext/1360937237/app.o
 .debug_info    0x0001537e      0x2a5 c:/program files/microchip/xc32/v4.21/bin/bin/../../lib/gcc/pic32c/8.3.1/../../../../pic32c/lib/thumb/v8-m.base/nofp\libpic32c.a(data_init_wrapper.o)
 .debug_info    0x00015623      0x2a6 c:/program files/microchip/xc32/v4.21/bin/bin/../../lib/gcc/pic32c/8.3.1/../../../../pic32c/lib/thumb/v8-m.base/nofp\libpic32c.a(data_init_0_1.o)
 .debug_info    0x000158c9      0x35a c:/program files/microchip/xc32/v4.21/bin/bin/../../lib/gcc/pic32c/8.3.1/../../../../pic32c/lib/thumb/v8-m.base/nofp\libc-musl.a(tolower.o)
 .debug_info    0x00015c23      0x35a c:/program files/microchip/xc32/v4.21/bin/bin/../../lib/gcc/pic32c/8.3.1/../../../../pic32c/lib/thumb/v8-m.base/nofp\libc-musl.a(toupper.o)
 .debug_info    0x00015f7d      0x624 c:/program files/microchip/xc32/v4.21/bin/bin/../../lib/gcc/pic32c/8.3.1/../../../../pic32c/lib/thumb/v8-m.base/nofp\libc-musl.a(__libc_start_main.o)
 .debug_info    0x000165a1      0x536 c:/program files/microchip/xc32/v4.21/bin/bin/../../lib/gcc/pic32c/8.3.1/../../../../pic32c/lib/thumb/v8-m.base/nofp\libc-musl.a(libc.o)
 .debug_info    0x00016ad7     0x13a2 c:/program files/microchip/xc32/v4.21/bin/bin/../../lib/gcc/pic32c/8.3.1/../../../../pic32c/lib/thumb/v8-m.base/nofp\libc-musl.a(malloc.o)
 .debug_info    0x00017e79      0x37d c:/program files/microchip/xc32/v4.21/bin/bin/../../lib/gcc/pic32c/8.3.1/../../../../pic32c/lib/thumb/v8-m.base/nofp\libc-musl.a(expand_heap.o)
 .debug_info    0x000181f6      0x480 c:/program files/microchip/xc32/v4.21/bin/bin/../../lib/gcc/pic32c/8.3.1/../../../../pic32c/lib/thumb/v8-m.base/nofp\libc-musl.a(__sio_sprintf_doux.o)
 .debug_info    0x00018676      0x5c3 c:/program files/microchip/xc32/v4.21/bin/bin/../../lib/gcc/pic32c/8.3.1/../../../../pic32c/lib/thumb/v8-m.base/nofp\libc-musl.a(__fmt_d.o)
 .debug_info    0x00018c39      0x594 c:/program files/microchip/xc32/v4.21/bin/bin/../../lib/gcc/pic32c/8.3.1/../../../../pic32c/lib/thumb/v8-m.base/nofp\libc-musl.a(__fmt_o.o)
 .debug_info    0x000191cd      0x57f c:/program files/microchip/xc32/v4.21/bin/bin/../../lib/gcc/pic32c/8.3.1/../../../../pic32c/lib/thumb/v8-m.base/nofp\libc-musl.a(__fmt_s.o)
 .debug_info    0x0001974c      0x657 c:/program files/microchip/xc32/v4.21/bin/bin/../../lib/gcc/pic32c/8.3.1/../../../../pic32c/lib/thumb/v8-m.base/nofp\libc-musl.a(__fmt_u.o)
 .debug_info    0x00019da3      0x5c8 c:/program files/microchip/xc32/v4.21/bin/bin/../../lib/gcc/pic32c/8.3.1/../../../../pic32c/lib/thumb/v8-m.base/nofp\libc-musl.a(__fmt_x.o)
 .debug_info    0x0001a36b      0x402 c:/program files/microchip/xc32/v4.21/bin/bin/../../lib/gcc/pic32c/8.3.1/../../../../pic32c/lib/thumb/v8-m.base/nofp\libc-musl.a(__pop_int.o)
 .debug_info    0x0001a76d      0x40e c:/program files/microchip/xc32/v4.21/bin/bin/../../lib/gcc/pic32c/8.3.1/../../../../pic32c/lib/thumb/v8-m.base/nofp\libc-musl.a(__pop_ptr.o)
 .debug_info    0x0001ab7b      0xd45 c:/program files/microchip/xc32/v4.21/bin/bin/../../lib/gcc/pic32c/8.3.1/../../../../pic32c/lib/thumb/v8-m.base/nofp\libc-musl.a(__printf_core.o)
 .debug_info    0x0001b8c0      0x6c1 c:/program files/microchip/xc32/v4.21/bin/bin/../../lib/gcc/pic32c/8.3.1/../../../../pic32c/lib/thumb/v8-m.base/nofp\libc-musl.a(stdin.o)
 .debug_info    0x0001bf81      0x484 c:/program files/microchip/xc32/v4.21/bin/bin/../../lib/gcc/pic32c/8.3.1/../../../../pic32c/lib/thumb/v8-m.base/nofp\libc-musl.a(stdout.o)
 .debug_info    0x0001c405      0x2ef c:/program files/microchip/xc32/v4.21/bin/bin/../../lib/gcc/pic32c/8.3.1/../../../../pic32c/lib/thumb/v8-m.base/nofp\libc-musl.a(setbuf.o)
 .debug_info    0x0001c6f4      0x2fc c:/program files/microchip/xc32/v4.21/bin/bin/../../lib/gcc/pic32c/8.3.1/../../../../pic32c/lib/thumb/v8-m.base/nofp\libc-musl.a(atoi.o)
 .debug_info    0x0001c9f0      0x2f2 c:/program files/microchip/xc32/v4.21/bin/bin/../../lib/gcc/pic32c/8.3.1/../../../../pic32c/lib/thumb/v8-m.base/nofp\libc-musl.a(memcpy.o)
 .debug_info    0x0001cce2      0x2b6 c:/program files/microchip/xc32/v4.21/bin/bin/../../lib/gcc/pic32c/8.3.1/../../../../pic32c/lib/thumb/v8-m.base/nofp\libc-musl.a(memset.o)
 .debug_info    0x0001cf98      0x2a7 c:/program files/microchip/xc32/v4.21/bin/bin/../../lib/gcc/pic32c/8.3.1/../../../../pic32c/lib/thumb/v8-m.base/nofp\libc-musl.a(strlen.o)
 .debug_info    0x0001d23f      0x2b0 c:/program files/microchip/xc32/v4.21/bin/bin/../../lib/gcc/pic32c/8.3.1/../../../../pic32c/lib/thumb/v8-m.base/nofp\libc-musl.a(__environ.o)
 .debug_info    0x0001d4ef      0x274 c:/program files/microchip/xc32/v4.21/bin/bin/../../lib/gcc/pic32c/8.3.1/../../../../pic32c/lib/thumb/v8-m.base/nofp\libc-musl.a(__errno_location.o)
 .debug_info    0x0001d763      0x3a5 c:/program files/microchip/xc32/v4.21/bin/bin/../../lib/gcc/pic32c/8.3.1/../../../../pic32c/lib/thumb/v8-m.base/nofp\libc-musl.a(__int_vsprintf.o)
 .debug_info    0x0001db08      0x3de c:/program files/microchip/xc32/v4.21/bin/bin/../../lib/gcc/pic32c/8.3.1/../../../../pic32c/lib/thumb/v8-m.base/nofp\libc-musl.a(__pop_float.o)
 .debug_info    0x0001dee6      0x6ab c:/program files/microchip/xc32/v4.21/bin/bin/../../lib/gcc/pic32c/8.3.1/../../../../pic32c/lib/thumb/v8-m.base/nofp\libc-musl.a(__stdio_read.o)
 .debug_info    0x0001e591      0x5da c:/program files/microchip/xc32/v4.21/bin/bin/../../lib/gcc/pic32c/8.3.1/../../../../pic32c/lib/thumb/v8-m.base/nofp\libc-musl.a(__towrite_rw.o)
 .debug_info    0x0001eb6b      0x54e c:/program files/microchip/xc32/v4.21/bin/bin/../../lib/gcc/pic32c/8.3.1/../../../../pic32c/lib/thumb/v8-m.base/nofp\libc-musl.a(setvbuf.o)
 .debug_info    0x0001f0b9      0x367 c:/program files/microchip/xc32/v4.21/bin/bin/../../lib/gcc/pic32c/8.3.1/../../../../pic32c/lib/thumb/v8-m.base/nofp\libc-musl.a(readv.o)
 .debug_info    0x0001f420      0x4a7 c:/program files/microchip/xc32/v4.21/bin/bin/../../lib/gcc/pic32c/8.3.1/../../../../pic32c/lib/thumb/v8-m.base/nofp\libc-musl.a(__int_vsnprintf.o)
 .debug_info    0x0001f8c7      0x32d c:/program files/microchip/xc32/v4.21/bin/bin/../../lib/gcc/pic32c/8.3.1/../../../../pic32c/lib/thumb/v8-m.base/nofp\libc-musl.a(__init_stdio.o)
 .debug_info    0x0001fbf4      0x541 c:/program files/microchip/xc32/v4.21/bin/bin/../../lib/gcc/pic32c/8.3.1/../../../../pic32c/lib/thumb/v8-m.base/nofp\libc-musl.a(__out.o)
 .debug_info    0x00020135      0x665 c:/program files/microchip/xc32/v4.21/bin/bin/../../lib/gcc/pic32c/8.3.1/../../../../pic32c/lib/thumb/v8-m.base/nofp\libc-musl.a(__stderr.o)
 .debug_info    0x0002079a      0x6c3 c:/program files/microchip/xc32/v4.21/bin/bin/../../lib/gcc/pic32c/8.3.1/../../../../pic32c/lib/thumb/v8-m.base/nofp\libc-musl.a(__stdio_close.o)
 .debug_info    0x00020e5d      0x6f8 c:/program files/microchip/xc32/v4.21/bin/bin/../../lib/gcc/pic32c/8.3.1/../../../../pic32c/lib/thumb/v8-m.base/nofp\libc-musl.a(__stdio_write.o)
 .debug_info    0x00021555      0x665 c:/program files/microchip/xc32/v4.21/bin/bin/../../lib/gcc/pic32c/8.3.1/../../../../pic32c/lib/thumb/v8-m.base/nofp\libc-musl.a(__stdout.o)
 .debug_info    0x00021bba      0x4f6 c:/program files/microchip/xc32/v4.21/bin/bin/../../lib/gcc/pic32c/8.3.1/../../../../pic32c/lib/thumb/v8-m.base/nofp\libc-musl.a(__towrite.o)
 .debug_info    0x000220b0      0x36b c:/program files/microchip/xc32/v4.21/bin/bin/../../lib/gcc/pic32c/8.3.1/../../../../pic32c/lib/thumb/v8-m.base/nofp\libc-musl.a(writev.o)
 .debug_info    0x0002241b      0x482 c:/program files/microchip/xc32/v4.21/bin/bin/../../lib/gcc/pic32c/8.3.1/../../../../pic32c/lib/thumb/v8-m.base/nofp\libc-musl.a(__int_vfprintf.o)
 .debug_info    0x0002289d      0x545 c:/program files/microchip/xc32/v4.21/bin/bin/../../lib/gcc/pic32c/8.3.1/../../../../pic32c/lib/thumb/v8-m.base/nofp\libc-musl.a(__fwrite.o)
 .debug_info    0x00022de2       0x26 c:/program files/microchip/xc32/v4.21/bin/bin/../../lib/gcc/pic32c/8.3.1/thumb/v8-m.base/nofp\libgcc.a(_lshrdi3.o)
 .debug_info    0x00022e08       0x26 c:/program files/microchip/xc32/v4.21/bin/bin/../../lib/gcc/pic32c/8.3.1/thumb/v8-m.base/nofp\libgcc.a(_ashldi3.o)
 .debug_info    0x00022e2e       0x26 c:/program files/microchip/xc32/v4.21/bin/bin/../../lib/gcc/pic32c/8.3.1/thumb/v8-m.base/nofp\libgcc.a(_aeabi_uldivmod.o)
 .debug_info    0x00022e54      0x4b6 c:/program files/microchip/xc32/v4.21/bin/bin/../../lib/gcc/pic32c/8.3.1/thumb/v8-m.base/nofp\libgcc.a(_muldi3.o)
 .debug_info    0x0002330a      0x8b5 c:/program files/microchip/xc32/v4.21/bin/bin/../../lib/gcc/pic32c/8.3.1/thumb/v8-m.base/nofp\libgcc.a(_udivmoddi4.o)
 .debug_info    0x00023bbf       0x26 c:/program files/microchip/xc32/v4.21/bin/bin/../../lib/gcc/pic32c/8.3.1/thumb/v8-m.base/nofp\libgcc.a(_dvmd_tls.o)
 .debug_info    0x00023be5       0x26 c:/program files/microchip/xc32/v4.21/bin/bin/../../lib/gcc/pic32c/8.3.1/thumb/v8-m.base/nofp\libgcc.a(_clzsi2.o)
 .debug_info    0x00023c0b      0x281 c:/program files/microchip/xc32/v4.21/bin/bin/../../lib/gcc/pic32c/8.3.1/../../../../pic32c/lib/thumb/v8-m.base/nofp\libpic32c.a(close.o)
 .debug_info    0x00023e8c      0x281 c:/program files/microchip/xc32/v4.21/bin/bin/../../lib/gcc/pic32c/8.3.1/../../../../pic32c/lib/thumb/v8-m.base/nofp\libpic32c.a(lseek.o)
 .debug_info    0x0002410d      0x280 c:/program files/microchip/xc32/v4.21/bin/bin/../../lib/gcc/pic32c/8.3.1/../../../../pic32c/lib/thumb/v8-m.base/nofp\libpic32c.a(sbrk.o)

.debug_abbrev   0x00000000     0x531d
 .debug_abbrev  0x00000000      0x162 build/LE00Sercom/production/_ext/1458772643/plib_clock.o
 .debug_abbrev  0x00000162       0x3b build/LE00Sercom/production/_ext/1456623157/plib_evsys.o
 .debug_abbrev  0x0000019d      0x1d0 build/LE00Sercom/production/_ext/600909389/plib_nvic.o
 .debug_abbrev  0x0000036d      0x1d8 build/LE00Sercom/production/_ext/264108769/plib_nvmctrl.o
 .debug_abbrev  0x00000545       0xfb build/LE00Sercom/production/_ext/1904533746/plib_pm.o
 .debug_abbrev  0x00000640      0x1d6 build/LE00Sercom/production/_ext/600856238/plib_port.o
 .debug_abbrev  0x00000816      0x2b2 build/LE00Sercom/production/_ext/1031848040/plib_sercom2_usart.o
 .debug_abbrev  0x00000ac8      0x173 build/LE00Sercom/production/_ext/1904533632/plib_tc0.o
 .debug_abbrev  0x00000c3b      0x1e9 build/LE00Sercom/production/_ext/1904533632/plib_tc2.o
 .debug_abbrev  0x00000e24       0xb5 build/LE00Sercom/production/_ext/600734328/plib_trng.o
 .debug_abbrev  0x00000ed9       0xb9 build/LE00Sercom/production/_ext/906818599/xc32_monitor.o
 .debug_abbrev  0x00000f92      0x23c build/LE00Sercom/production/_ext/1384480762/sys_int.o
 .debug_abbrev  0x000011ce      0x56e build/LE00Sercom/production/_ext/1726704544/sys_time.o
 .debug_abbrev  0x0000173c       0x3e build/LE00Sercom/production/_ext/268858925/exceptions.o
 .debug_abbrev  0x0000177a      0x110 build/LE00Sercom/production/_ext/268858925/startup_xc32.o
 .debug_abbrev  0x0000188a       0xb5 build/LE00Sercom/production/_ext/268858925/interrupts.o
 .debug_abbrev  0x0000193f      0x23c build/LE00Sercom/production/_ext/268858925/initialization.o
 .debug_abbrev  0x00001b7b       0x5c build/LE00Sercom/production/_ext/268858925/tasks.o
 .debug_abbrev  0x00001bd7      0x25e build/LE00Sercom/production/_ext/172253694/crypt_wolfcryptcb.o
 .debug_abbrev  0x00001e35      0x46a build/LE00Sercom/production/_ext/1664057780/cryptocb.o
 .debug_abbrev  0x0000229f       0xd9 build/LE00Sercom/production/_ext/1360937237/main.o
 .debug_abbrev  0x00002378       0xd2 build/LE00Sercom/production/_ext/1360937237/app.o
 .debug_abbrev  0x0000244a       0x2e c:/program files/microchip/xc32/v4.21/bin/bin/../../lib/gcc/pic32c/8.3.1/../../../../pic32c/lib/thumb/v8-m.base/nofp\libpic32c.a(data_init_wrapper.o)
 .debug_abbrev  0x00002478       0x2e c:/program files/microchip/xc32/v4.21/bin/bin/../../lib/gcc/pic32c/8.3.1/../../../../pic32c/lib/thumb/v8-m.base/nofp\libpic32c.a(data_init_0_1.o)
 .debug_abbrev  0x000024a6       0xe9 c:/program files/microchip/xc32/v4.21/bin/bin/../../lib/gcc/pic32c/8.3.1/../../../../pic32c/lib/thumb/v8-m.base/nofp\libc-musl.a(tolower.o)
 .debug_abbrev  0x0000258f       0xe9 c:/program files/microchip/xc32/v4.21/bin/bin/../../lib/gcc/pic32c/8.3.1/../../../../pic32c/lib/thumb/v8-m.base/nofp\libc-musl.a(toupper.o)
 .debug_abbrev  0x00002678      0x117 c:/program files/microchip/xc32/v4.21/bin/bin/../../lib/gcc/pic32c/8.3.1/../../../../pic32c/lib/thumb/v8-m.base/nofp\libc-musl.a(__libc_start_main.o)
 .debug_abbrev  0x0000278f       0xb8 c:/program files/microchip/xc32/v4.21/bin/bin/../../lib/gcc/pic32c/8.3.1/../../../../pic32c/lib/thumb/v8-m.base/nofp\libc-musl.a(libc.o)
 .debug_abbrev  0x00002847      0x3fa c:/program files/microchip/xc32/v4.21/bin/bin/../../lib/gcc/pic32c/8.3.1/../../../../pic32c/lib/thumb/v8-m.base/nofp\libc-musl.a(malloc.o)
 .debug_abbrev  0x00002c41       0xa5 c:/program files/microchip/xc32/v4.21/bin/bin/../../lib/gcc/pic32c/8.3.1/../../../../pic32c/lib/thumb/v8-m.base/nofp\libc-musl.a(expand_heap.o)
 .debug_abbrev  0x00002ce6      0x120 c:/program files/microchip/xc32/v4.21/bin/bin/../../lib/gcc/pic32c/8.3.1/../../../../pic32c/lib/thumb/v8-m.base/nofp\libc-musl.a(__sio_sprintf_doux.o)
 .debug_abbrev  0x00002e06      0x120 c:/program files/microchip/xc32/v4.21/bin/bin/../../lib/gcc/pic32c/8.3.1/../../../../pic32c/lib/thumb/v8-m.base/nofp\libc-musl.a(__fmt_d.o)
 .debug_abbrev  0x00002f26      0x120 c:/program files/microchip/xc32/v4.21/bin/bin/../../lib/gcc/pic32c/8.3.1/../../../../pic32c/lib/thumb/v8-m.base/nofp\libc-musl.a(__fmt_o.o)
 .debug_abbrev  0x00003046      0x11d c:/program files/microchip/xc32/v4.21/bin/bin/../../lib/gcc/pic32c/8.3.1/../../../../pic32c/lib/thumb/v8-m.base/nofp\libc-musl.a(__fmt_s.o)
 .debug_abbrev  0x00003163      0x174 c:/program files/microchip/xc32/v4.21/bin/bin/../../lib/gcc/pic32c/8.3.1/../../../../pic32c/lib/thumb/v8-m.base/nofp\libc-musl.a(__fmt_u.o)
 .debug_abbrev  0x000032d7      0x10f c:/program files/microchip/xc32/v4.21/bin/bin/../../lib/gcc/pic32c/8.3.1/../../../../pic32c/lib/thumb/v8-m.base/nofp\libc-musl.a(__fmt_x.o)
 .debug_abbrev  0x000033e6       0xbd c:/program files/microchip/xc32/v4.21/bin/bin/../../lib/gcc/pic32c/8.3.1/../../../../pic32c/lib/thumb/v8-m.base/nofp\libc-musl.a(__pop_int.o)
 .debug_abbrev  0x000034a3       0xbd c:/program files/microchip/xc32/v4.21/bin/bin/../../lib/gcc/pic32c/8.3.1/../../../../pic32c/lib/thumb/v8-m.base/nofp\libc-musl.a(__pop_ptr.o)
 .debug_abbrev  0x00003560      0x2be c:/program files/microchip/xc32/v4.21/bin/bin/../../lib/gcc/pic32c/8.3.1/../../../../pic32c/lib/thumb/v8-m.base/nofp\libc-musl.a(__printf_core.o)
 .debug_abbrev  0x0000381e      0x175 c:/program files/microchip/xc32/v4.21/bin/bin/../../lib/gcc/pic32c/8.3.1/../../../../pic32c/lib/thumb/v8-m.base/nofp\libc-musl.a(stdin.o)
 .debug_abbrev  0x00003993      0x118 c:/program files/microchip/xc32/v4.21/bin/bin/../../lib/gcc/pic32c/8.3.1/../../../../pic32c/lib/thumb/v8-m.base/nofp\libc-musl.a(stdout.o)
 .debug_abbrev  0x00003aab       0x9d c:/program files/microchip/xc32/v4.21/bin/bin/../../lib/gcc/pic32c/8.3.1/../../../../pic32c/lib/thumb/v8-m.base/nofp\libc-musl.a(setbuf.o)
 .debug_abbrev  0x00003b48       0xbb c:/program files/microchip/xc32/v4.21/bin/bin/../../lib/gcc/pic32c/8.3.1/../../../../pic32c/lib/thumb/v8-m.base/nofp\libc-musl.a(atoi.o)
 .debug_abbrev  0x00003c03       0x9c c:/program files/microchip/xc32/v4.21/bin/bin/../../lib/gcc/pic32c/8.3.1/../../../../pic32c/lib/thumb/v8-m.base/nofp\libc-musl.a(memcpy.o)
 .debug_abbrev  0x00003c9f       0x97 c:/program files/microchip/xc32/v4.21/bin/bin/../../lib/gcc/pic32c/8.3.1/../../../../pic32c/lib/thumb/v8-m.base/nofp\libc-musl.a(memset.o)
 .debug_abbrev  0x00003d36       0x86 c:/program files/microchip/xc32/v4.21/bin/bin/../../lib/gcc/pic32c/8.3.1/../../../../pic32c/lib/thumb/v8-m.base/nofp\libc-musl.a(strlen.o)
 .debug_abbrev  0x00003dbc       0x57 c:/program files/microchip/xc32/v4.21/bin/bin/../../lib/gcc/pic32c/8.3.1/../../../../pic32c/lib/thumb/v8-m.base/nofp\libc-musl.a(__environ.o)
 .debug_abbrev  0x00003e13       0x2e c:/program files/microchip/xc32/v4.21/bin/bin/../../lib/gcc/pic32c/8.3.1/../../../../pic32c/lib/thumb/v8-m.base/nofp\libc-musl.a(__errno_location.o)
 .debug_abbrev  0x00003e41       0xc0 c:/program files/microchip/xc32/v4.21/bin/bin/../../lib/gcc/pic32c/8.3.1/../../../../pic32c/lib/thumb/v8-m.base/nofp\libc-musl.a(__int_vsprintf.o)
 .debug_abbrev  0x00003f01       0xbd c:/program files/microchip/xc32/v4.21/bin/bin/../../lib/gcc/pic32c/8.3.1/../../../../pic32c/lib/thumb/v8-m.base/nofp\libc-musl.a(__pop_float.o)
 .debug_abbrev  0x00003fbe      0x150 c:/program files/microchip/xc32/v4.21/bin/bin/../../lib/gcc/pic32c/8.3.1/../../../../pic32c/lib/thumb/v8-m.base/nofp\libc-musl.a(__stdio_read.o)
 .debug_abbrev  0x0000410e       0xdc c:/program files/microchip/xc32/v4.21/bin/bin/../../lib/gcc/pic32c/8.3.1/../../../../pic32c/lib/thumb/v8-m.base/nofp\libc-musl.a(__towrite_rw.o)
 .debug_abbrev  0x000041ea      0x119 c:/program files/microchip/xc32/v4.21/bin/bin/../../lib/gcc/pic32c/8.3.1/../../../../pic32c/lib/thumb/v8-m.base/nofp\libc-musl.a(setvbuf.o)
 .debug_abbrev  0x00004303       0xd8 c:/program files/microchip/xc32/v4.21/bin/bin/../../lib/gcc/pic32c/8.3.1/../../../../pic32c/lib/thumb/v8-m.base/nofp\libc-musl.a(readv.o)
 .debug_abbrev  0x000043db      0x127 c:/program files/microchip/xc32/v4.21/bin/bin/../../lib/gcc/pic32c/8.3.1/../../../../pic32c/lib/thumb/v8-m.base/nofp\libc-musl.a(__int_vsnprintf.o)
 .debug_abbrev  0x00004502       0x5a c:/program files/microchip/xc32/v4.21/bin/bin/../../lib/gcc/pic32c/8.3.1/../../../../pic32c/lib/thumb/v8-m.base/nofp\libc-musl.a(__init_stdio.o)
 .debug_abbrev  0x0000455c      0x15b c:/program files/microchip/xc32/v4.21/bin/bin/../../lib/gcc/pic32c/8.3.1/../../../../pic32c/lib/thumb/v8-m.base/nofp\libc-musl.a(__out.o)
 .debug_abbrev  0x000046b7      0x151 c:/program files/microchip/xc32/v4.21/bin/bin/../../lib/gcc/pic32c/8.3.1/../../../../pic32c/lib/thumb/v8-m.base/nofp\libc-musl.a(__stderr.o)
 .debug_abbrev  0x00004808      0x11f c:/program files/microchip/xc32/v4.21/bin/bin/../../lib/gcc/pic32c/8.3.1/../../../../pic32c/lib/thumb/v8-m.base/nofp\libc-musl.a(__stdio_close.o)
 .debug_abbrev  0x00004927      0x1a1 c:/program files/microchip/xc32/v4.21/bin/bin/../../lib/gcc/pic32c/8.3.1/../../../../pic32c/lib/thumb/v8-m.base/nofp\libc-musl.a(__stdio_write.o)
 .debug_abbrev  0x00004ac8      0x151 c:/program files/microchip/xc32/v4.21/bin/bin/../../lib/gcc/pic32c/8.3.1/../../../../pic32c/lib/thumb/v8-m.base/nofp\libc-musl.a(__stdout.o)
 .debug_abbrev  0x00004c19       0xf8 c:/program files/microchip/xc32/v4.21/bin/bin/../../lib/gcc/pic32c/8.3.1/../../../../pic32c/lib/thumb/v8-m.base/nofp\libc-musl.a(__towrite.o)
 .debug_abbrev  0x00004d11       0xd8 c:/program files/microchip/xc32/v4.21/bin/bin/../../lib/gcc/pic32c/8.3.1/../../../../pic32c/lib/thumb/v8-m.base/nofp\libc-musl.a(writev.o)
 .debug_abbrev  0x00004de9      0x116 c:/program files/microchip/xc32/v4.21/bin/bin/../../lib/gcc/pic32c/8.3.1/../../../../pic32c/lib/thumb/v8-m.base/nofp\libc-musl.a(__int_vfprintf.o)
 .debug_abbrev  0x00004eff      0x119 c:/program files/microchip/xc32/v4.21/bin/bin/../../lib/gcc/pic32c/8.3.1/../../../../pic32c/lib/thumb/v8-m.base/nofp\libc-musl.a(__fwrite.o)
 .debug_abbrev  0x00005018       0x14 c:/program files/microchip/xc32/v4.21/bin/bin/../../lib/gcc/pic32c/8.3.1/thumb/v8-m.base/nofp\libgcc.a(_lshrdi3.o)
 .debug_abbrev  0x0000502c       0x14 c:/program files/microchip/xc32/v4.21/bin/bin/../../lib/gcc/pic32c/8.3.1/thumb/v8-m.base/nofp\libgcc.a(_ashldi3.o)
 .debug_abbrev  0x00005040       0x14 c:/program files/microchip/xc32/v4.21/bin/bin/../../lib/gcc/pic32c/8.3.1/thumb/v8-m.base/nofp\libgcc.a(_aeabi_uldivmod.o)
 .debug_abbrev  0x00005054       0xef c:/program files/microchip/xc32/v4.21/bin/bin/../../lib/gcc/pic32c/8.3.1/thumb/v8-m.base/nofp\libgcc.a(_muldi3.o)
 .debug_abbrev  0x00005143      0x128 c:/program files/microchip/xc32/v4.21/bin/bin/../../lib/gcc/pic32c/8.3.1/thumb/v8-m.base/nofp\libgcc.a(_udivmoddi4.o)
 .debug_abbrev  0x0000526b       0x14 c:/program files/microchip/xc32/v4.21/bin/bin/../../lib/gcc/pic32c/8.3.1/thumb/v8-m.base/nofp\libgcc.a(_dvmd_tls.o)
 .debug_abbrev  0x0000527f       0x14 c:/program files/microchip/xc32/v4.21/bin/bin/../../lib/gcc/pic32c/8.3.1/thumb/v8-m.base/nofp\libgcc.a(_clzsi2.o)
 .debug_abbrev  0x00005293       0x2e c:/program files/microchip/xc32/v4.21/bin/bin/../../lib/gcc/pic32c/8.3.1/../../../../pic32c/lib/thumb/v8-m.base/nofp\libpic32c.a(close.o)
 .debug_abbrev  0x000052c1       0x2e c:/program files/microchip/xc32/v4.21/bin/bin/../../lib/gcc/pic32c/8.3.1/../../../../pic32c/lib/thumb/v8-m.base/nofp\libpic32c.a(lseek.o)
 .debug_abbrev  0x000052ef       0x2e c:/program files/microchip/xc32/v4.21/bin/bin/../../lib/gcc/pic32c/8.3.1/../../../../pic32c/lib/thumb/v8-m.base/nofp\libpic32c.a(sbrk.o)

.debug_loc      0x00000000     0xbae3
 .debug_loc     0x00000000       0x20 build/LE00Sercom/production/_ext/1458772643/plib_clock.o
 .debug_loc     0x00000020       0x72 build/LE00Sercom/production/_ext/600909389/plib_nvic.o
 .debug_loc     0x00000092      0x628 build/LE00Sercom/production/_ext/264108769/plib_nvmctrl.o
 .debug_loc     0x000006ba       0x63 build/LE00Sercom/production/_ext/1904533746/plib_pm.o
 .debug_loc     0x0000071d      0x226 build/LE00Sercom/production/_ext/600856238/plib_port.o
 .debug_loc     0x00000943      0x611 build/LE00Sercom/production/_ext/1031848040/plib_sercom2_usart.o
 .debug_loc     0x00000f54       0x48 build/LE00Sercom/production/_ext/1904533632/plib_tc0.o
 .debug_loc     0x00000f9c       0x74 build/LE00Sercom/production/_ext/1904533632/plib_tc2.o
 .debug_loc     0x00001010      0x1af build/LE00Sercom/production/_ext/906818599/xc32_monitor.o
 .debug_loc     0x000011bf      0x18d build/LE00Sercom/production/_ext/1384480762/sys_int.o
 .debug_loc     0x0000134c     0x24de build/LE00Sercom/production/_ext/1726704544/sys_time.o
 .debug_loc     0x0000382a       0x20 build/LE00Sercom/production/_ext/268858925/startup_xc32.o
 .debug_loc     0x0000384a       0x45 build/LE00Sercom/production/_ext/268858925/initialization.o
 .debug_loc     0x0000388f       0x20 build/LE00Sercom/production/_ext/268858925/tasks.o
 .debug_loc     0x000038af       0x45 build/LE00Sercom/production/_ext/172253694/crypt_wolfcryptcb.o
 .debug_loc     0x000038f4     0x35da build/LE00Sercom/production/_ext/1664057780/cryptocb.o
 .debug_loc     0x00006ece       0x97 build/LE00Sercom/production/_ext/1360937237/main.o
 .debug_loc     0x00006f65       0x16 build/LE00Sercom/production/_ext/1360937237/app.o
 .debug_loc     0x00006f7b       0x14 c:/program files/microchip/xc32/v4.21/bin/bin/../../lib/gcc/pic32c/8.3.1/../../../../pic32c/lib/thumb/v8-m.base/nofp\libpic32c.a(data_init_wrapper.o)
 .debug_loc     0x00006f8f       0x14 c:/program files/microchip/xc32/v4.21/bin/bin/../../lib/gcc/pic32c/8.3.1/../../../../pic32c/lib/thumb/v8-m.base/nofp\libpic32c.a(data_init_0_1.o)
 .debug_loc     0x00006fa3       0x8f c:/program files/microchip/xc32/v4.21/bin/bin/../../lib/gcc/pic32c/8.3.1/../../../../pic32c/lib/thumb/v8-m.base/nofp\libc-musl.a(tolower.o)
 .debug_loc     0x00007032       0x8f c:/program files/microchip/xc32/v4.21/bin/bin/../../lib/gcc/pic32c/8.3.1/../../../../pic32c/lib/thumb/v8-m.base/nofp\libc-musl.a(toupper.o)
 .debug_loc     0x000070c1       0x5e c:/program files/microchip/xc32/v4.21/bin/bin/../../lib/gcc/pic32c/8.3.1/../../../../pic32c/lib/thumb/v8-m.base/nofp\libc-musl.a(__libc_start_main.o)
 .debug_loc     0x0000711f      0xd36 c:/program files/microchip/xc32/v4.21/bin/bin/../../lib/gcc/pic32c/8.3.1/../../../../pic32c/lib/thumb/v8-m.base/nofp\libc-musl.a(malloc.o)
 .debug_loc     0x00007e55       0x7c c:/program files/microchip/xc32/v4.21/bin/bin/../../lib/gcc/pic32c/8.3.1/../../../../pic32c/lib/thumb/v8-m.base/nofp\libc-musl.a(expand_heap.o)
 .debug_loc     0x00007ed1       0x86 c:/program files/microchip/xc32/v4.21/bin/bin/../../lib/gcc/pic32c/8.3.1/../../../../pic32c/lib/thumb/v8-m.base/nofp\libc-musl.a(__sio_sprintf_doux.o)
 .debug_loc     0x00007f57      0x2a6 c:/program files/microchip/xc32/v4.21/bin/bin/../../lib/gcc/pic32c/8.3.1/../../../../pic32c/lib/thumb/v8-m.base/nofp\libc-musl.a(__fmt_d.o)
 .debug_loc     0x000081fd      0x12d c:/program files/microchip/xc32/v4.21/bin/bin/../../lib/gcc/pic32c/8.3.1/../../../../pic32c/lib/thumb/v8-m.base/nofp\libc-musl.a(__fmt_o.o)
 .debug_loc     0x0000832a      0x144 c:/program files/microchip/xc32/v4.21/bin/bin/../../lib/gcc/pic32c/8.3.1/../../../../pic32c/lib/thumb/v8-m.base/nofp\libc-musl.a(__fmt_s.o)
 .debug_loc     0x0000846e      0x2e3 c:/program files/microchip/xc32/v4.21/bin/bin/../../lib/gcc/pic32c/8.3.1/../../../../pic32c/lib/thumb/v8-m.base/nofp\libc-musl.a(__fmt_u.o)
 .debug_loc     0x00008751      0x3be c:/program files/microchip/xc32/v4.21/bin/bin/../../lib/gcc/pic32c/8.3.1/../../../../pic32c/lib/thumb/v8-m.base/nofp\libc-musl.a(__fmt_x.o)
 .debug_loc     0x00008b0f      0x34c c:/program files/microchip/xc32/v4.21/bin/bin/../../lib/gcc/pic32c/8.3.1/../../../../pic32c/lib/thumb/v8-m.base/nofp\libc-musl.a(__pop_int.o)
 .debug_loc     0x00008e5b      0x1fe c:/program files/microchip/xc32/v4.21/bin/bin/../../lib/gcc/pic32c/8.3.1/../../../../pic32c/lib/thumb/v8-m.base/nofp\libc-musl.a(__pop_ptr.o)
 .debug_loc     0x00009059      0x6ae c:/program files/microchip/xc32/v4.21/bin/bin/../../lib/gcc/pic32c/8.3.1/../../../../pic32c/lib/thumb/v8-m.base/nofp\libc-musl.a(__printf_core.o)
 .debug_loc     0x00009707       0x45 c:/program files/microchip/xc32/v4.21/bin/bin/../../lib/gcc/pic32c/8.3.1/../../../../pic32c/lib/thumb/v8-m.base/nofp\libc-musl.a(stdin.o)
 .debug_loc     0x0000974c       0x40 c:/program files/microchip/xc32/v4.21/bin/bin/../../lib/gcc/pic32c/8.3.1/../../../../pic32c/lib/thumb/v8-m.base/nofp\libc-musl.a(stdout.o)
 .debug_loc     0x0000978c       0x6a c:/program files/microchip/xc32/v4.21/bin/bin/../../lib/gcc/pic32c/8.3.1/../../../../pic32c/lib/thumb/v8-m.base/nofp\libc-musl.a(setbuf.o)
 .debug_loc     0x000097f6       0xdc c:/program files/microchip/xc32/v4.21/bin/bin/../../lib/gcc/pic32c/8.3.1/../../../../pic32c/lib/thumb/v8-m.base/nofp\libc-musl.a(atoi.o)
 .debug_loc     0x000098d2      0x109 c:/program files/microchip/xc32/v4.21/bin/bin/../../lib/gcc/pic32c/8.3.1/../../../../pic32c/lib/thumb/v8-m.base/nofp\libc-musl.a(memcpy.o)
 .debug_loc     0x000099db       0x80 c:/program files/microchip/xc32/v4.21/bin/bin/../../lib/gcc/pic32c/8.3.1/../../../../pic32c/lib/thumb/v8-m.base/nofp\libc-musl.a(memset.o)
 .debug_loc     0x00009a5b       0x54 c:/program files/microchip/xc32/v4.21/bin/bin/../../lib/gcc/pic32c/8.3.1/../../../../pic32c/lib/thumb/v8-m.base/nofp\libc-musl.a(strlen.o)
 .debug_loc     0x00009aaf       0x8c c:/program files/microchip/xc32/v4.21/bin/bin/../../lib/gcc/pic32c/8.3.1/../../../../pic32c/lib/thumb/v8-m.base/nofp\libc-musl.a(__int_vsprintf.o)
 .debug_loc     0x00009b3b       0x6f c:/program files/microchip/xc32/v4.21/bin/bin/../../lib/gcc/pic32c/8.3.1/../../../../pic32c/lib/thumb/v8-m.base/nofp\libc-musl.a(__pop_float.o)
 .debug_loc     0x00009baa      0x107 c:/program files/microchip/xc32/v4.21/bin/bin/../../lib/gcc/pic32c/8.3.1/../../../../pic32c/lib/thumb/v8-m.base/nofp\libc-musl.a(__stdio_read.o)
 .debug_loc     0x00009cb1       0x42 c:/program files/microchip/xc32/v4.21/bin/bin/../../lib/gcc/pic32c/8.3.1/../../../../pic32c/lib/thumb/v8-m.base/nofp\libc-musl.a(__towrite_rw.o)
 .debug_loc     0x00009cf3       0xf8 c:/program files/microchip/xc32/v4.21/bin/bin/../../lib/gcc/pic32c/8.3.1/../../../../pic32c/lib/thumb/v8-m.base/nofp\libc-musl.a(setvbuf.o)
 .debug_loc     0x00009deb      0x130 c:/program files/microchip/xc32/v4.21/bin/bin/../../lib/gcc/pic32c/8.3.1/../../../../pic32c/lib/thumb/v8-m.base/nofp\libc-musl.a(readv.o)
 .debug_loc     0x00009f1b      0x102 c:/program files/microchip/xc32/v4.21/bin/bin/../../lib/gcc/pic32c/8.3.1/../../../../pic32c/lib/thumb/v8-m.base/nofp\libc-musl.a(__int_vsnprintf.o)
 .debug_loc     0x0000a01d       0x20 c:/program files/microchip/xc32/v4.21/bin/bin/../../lib/gcc/pic32c/8.3.1/../../../../pic32c/lib/thumb/v8-m.base/nofp\libc-musl.a(__init_stdio.o)
 .debug_loc     0x0000a03d      0x1e6 c:/program files/microchip/xc32/v4.21/bin/bin/../../lib/gcc/pic32c/8.3.1/../../../../pic32c/lib/thumb/v8-m.base/nofp\libc-musl.a(__out.o)
 .debug_loc     0x0000a223       0x45 c:/program files/microchip/xc32/v4.21/bin/bin/../../lib/gcc/pic32c/8.3.1/../../../../pic32c/lib/thumb/v8-m.base/nofp\libc-musl.a(__stderr.o)
 .debug_loc     0x0000a268      0x1d8 c:/program files/microchip/xc32/v4.21/bin/bin/../../lib/gcc/pic32c/8.3.1/../../../../pic32c/lib/thumb/v8-m.base/nofp\libc-musl.a(__stdio_close.o)
 .debug_loc     0x0000a440      0x364 c:/program files/microchip/xc32/v4.21/bin/bin/../../lib/gcc/pic32c/8.3.1/../../../../pic32c/lib/thumb/v8-m.base/nofp\libc-musl.a(__stdio_write.o)
 .debug_loc     0x0000a7a4       0x45 c:/program files/microchip/xc32/v4.21/bin/bin/../../lib/gcc/pic32c/8.3.1/../../../../pic32c/lib/thumb/v8-m.base/nofp\libc-musl.a(__stdout.o)
 .debug_loc     0x0000a7e9       0x8c c:/program files/microchip/xc32/v4.21/bin/bin/../../lib/gcc/pic32c/8.3.1/../../../../pic32c/lib/thumb/v8-m.base/nofp\libc-musl.a(__towrite.o)
 .debug_loc     0x0000a875      0x130 c:/program files/microchip/xc32/v4.21/bin/bin/../../lib/gcc/pic32c/8.3.1/../../../../pic32c/lib/thumb/v8-m.base/nofp\libc-musl.a(writev.o)
 .debug_loc     0x0000a9a5       0xb0 c:/program files/microchip/xc32/v4.21/bin/bin/../../lib/gcc/pic32c/8.3.1/../../../../pic32c/lib/thumb/v8-m.base/nofp\libc-musl.a(__int_vfprintf.o)
 .debug_loc     0x0000aa55      0x106 c:/program files/microchip/xc32/v4.21/bin/bin/../../lib/gcc/pic32c/8.3.1/../../../../pic32c/lib/thumb/v8-m.base/nofp\libc-musl.a(__fwrite.o)
 .debug_loc     0x0000ab5b      0x177 c:/program files/microchip/xc32/v4.21/bin/bin/../../lib/gcc/pic32c/8.3.1/thumb/v8-m.base/nofp\libgcc.a(_muldi3.o)
 .debug_loc     0x0000acd2      0xe11 c:/program files/microchip/xc32/v4.21/bin/bin/../../lib/gcc/pic32c/8.3.1/thumb/v8-m.base/nofp\libgcc.a(_udivmoddi4.o)

.debug_aranges  0x00000000      0xed0
 .debug_aranges
                0x00000000       0x20 build/LE00Sercom/production/_ext/1458772643/plib_clock.o
 .debug_aranges
                0x00000020       0x20 build/LE00Sercom/production/_ext/1456623157/plib_evsys.o
 .debug_aranges
                0x00000040       0x38 build/LE00Sercom/production/_ext/600909389/plib_nvic.o
 .debug_aranges
                0x00000078       0xa0 build/LE00Sercom/production/_ext/264108769/plib_nvmctrl.o
 .debug_aranges
                0x00000118       0x40 build/LE00Sercom/production/_ext/1904533746/plib_pm.o
 .debug_aranges
                0x00000158       0x70 build/LE00Sercom/production/_ext/600856238/plib_port.o
 .debug_aranges
                0x000001c8       0xa8 build/LE00Sercom/production/_ext/1031848040/plib_sercom2_usart.o
 .debug_aranges
                0x00000270       0x68 build/LE00Sercom/production/_ext/1904533632/plib_tc0.o
 .debug_aranges
                0x000002d8       0x78 build/LE00Sercom/production/_ext/1904533632/plib_tc2.o
 .debug_aranges
                0x00000350       0x28 build/LE00Sercom/production/_ext/600734328/plib_trng.o
 .debug_aranges
                0x00000378       0x28 build/LE00Sercom/production/_ext/906818599/xc32_monitor.o
 .debug_aranges
                0x000003a0       0x40 build/LE00Sercom/production/_ext/1384480762/sys_int.o
 .debug_aranges
                0x000003e0      0x128 build/LE00Sercom/production/_ext/1726704544/sys_time.o
 .debug_aranges
                0x00000508       0x28 build/LE00Sercom/production/_ext/268858925/exceptions.o
 .debug_aranges
                0x00000530       0x28 build/LE00Sercom/production/_ext/268858925/startup_xc32.o
 .debug_aranges
                0x00000558       0x20 build/LE00Sercom/production/_ext/268858925/interrupts.o
 .debug_aranges
                0x00000578       0x20 build/LE00Sercom/production/_ext/268858925/initialization.o
 .debug_aranges
                0x00000598       0x20 build/LE00Sercom/production/_ext/268858925/tasks.o
 .debug_aranges
                0x000005b8       0x28 build/LE00Sercom/production/_ext/172253694/crypt_wolfcryptcb.o
 .debug_aranges
                0x000005e0      0x108 build/LE00Sercom/production/_ext/1664057780/cryptocb.o
 .debug_aranges
                0x000006e8       0x20 build/LE00Sercom/production/_ext/1360937237/main.o
 .debug_aranges
                0x00000708       0x28 build/LE00Sercom/production/_ext/1360937237/app.o
 .debug_aranges
                0x00000730       0x20 c:/program files/microchip/xc32/v4.21/bin/bin/../../lib/gcc/pic32c/8.3.1/../../../../pic32c/lib/thumb/v8-m.base/nofp\libpic32c.a(data_init_wrapper.o)
 .debug_aranges
                0x00000750       0x20 c:/program files/microchip/xc32/v4.21/bin/bin/../../lib/gcc/pic32c/8.3.1/../../../../pic32c/lib/thumb/v8-m.base/nofp\libpic32c.a(data_init_0_1.o)
 .debug_aranges
                0x00000770       0x28 c:/program files/microchip/xc32/v4.21/bin/bin/../../lib/gcc/pic32c/8.3.1/../../../../pic32c/lib/thumb/v8-m.base/nofp\libc-musl.a(tolower.o)
 .debug_aranges
                0x00000798       0x28 c:/program files/microchip/xc32/v4.21/bin/bin/../../lib/gcc/pic32c/8.3.1/../../../../pic32c/lib/thumb/v8-m.base/nofp\libc-musl.a(toupper.o)
 .debug_aranges
                0x000007c0       0x28 c:/program files/microchip/xc32/v4.21/bin/bin/../../lib/gcc/pic32c/8.3.1/../../../../pic32c/lib/thumb/v8-m.base/nofp\libc-musl.a(__libc_start_main.o)
 .debug_aranges
                0x000007e8       0x18 c:/program files/microchip/xc32/v4.21/bin/bin/../../lib/gcc/pic32c/8.3.1/../../../../pic32c/lib/thumb/v8-m.base/nofp\libc-musl.a(libc.o)
 .debug_aranges
                0x00000800       0x70 c:/program files/microchip/xc32/v4.21/bin/bin/../../lib/gcc/pic32c/8.3.1/../../../../pic32c/lib/thumb/v8-m.base/nofp\libc-musl.a(malloc.o)
 .debug_aranges
                0x00000870       0x20 c:/program files/microchip/xc32/v4.21/bin/bin/../../lib/gcc/pic32c/8.3.1/../../../../pic32c/lib/thumb/v8-m.base/nofp\libc-musl.a(expand_heap.o)
 .debug_aranges
                0x00000890       0x28 c:/program files/microchip/xc32/v4.21/bin/bin/../../lib/gcc/pic32c/8.3.1/../../../../pic32c/lib/thumb/v8-m.base/nofp\libc-musl.a(__sio_sprintf_doux.o)
 .debug_aranges
                0x000008b8       0x20 c:/program files/microchip/xc32/v4.21/bin/bin/../../lib/gcc/pic32c/8.3.1/../../../../pic32c/lib/thumb/v8-m.base/nofp\libc-musl.a(__fmt_d.o)
 .debug_aranges
                0x000008d8       0x20 c:/program files/microchip/xc32/v4.21/bin/bin/../../lib/gcc/pic32c/8.3.1/../../../../pic32c/lib/thumb/v8-m.base/nofp\libc-musl.a(__fmt_o.o)
 .debug_aranges
                0x000008f8       0x20 c:/program files/microchip/xc32/v4.21/bin/bin/../../lib/gcc/pic32c/8.3.1/../../../../pic32c/lib/thumb/v8-m.base/nofp\libc-musl.a(__fmt_s.o)
 .debug_aranges
                0x00000918       0x28 c:/program files/microchip/xc32/v4.21/bin/bin/../../lib/gcc/pic32c/8.3.1/../../../../pic32c/lib/thumb/v8-m.base/nofp\libc-musl.a(__fmt_u.o)
 .debug_aranges
                0x00000940       0x20 c:/program files/microchip/xc32/v4.21/bin/bin/../../lib/gcc/pic32c/8.3.1/../../../../pic32c/lib/thumb/v8-m.base/nofp\libc-musl.a(__fmt_x.o)
 .debug_aranges
                0x00000960       0x20 c:/program files/microchip/xc32/v4.21/bin/bin/../../lib/gcc/pic32c/8.3.1/../../../../pic32c/lib/thumb/v8-m.base/nofp\libc-musl.a(__pop_int.o)
 .debug_aranges
                0x00000980       0x20 c:/program files/microchip/xc32/v4.21/bin/bin/../../lib/gcc/pic32c/8.3.1/../../../../pic32c/lib/thumb/v8-m.base/nofp\libc-musl.a(__pop_ptr.o)
 .debug_aranges
                0x000009a0       0x50 c:/program files/microchip/xc32/v4.21/bin/bin/../../lib/gcc/pic32c/8.3.1/../../../../pic32c/lib/thumb/v8-m.base/nofp\libc-musl.a(__printf_core.o)
 .debug_aranges
                0x000009f0       0x28 c:/program files/microchip/xc32/v4.21/bin/bin/../../lib/gcc/pic32c/8.3.1/../../../../pic32c/lib/thumb/v8-m.base/nofp\libc-musl.a(stdin.o)
 .debug_aranges
                0x00000a18       0x30 c:/program files/microchip/xc32/v4.21/bin/bin/../../lib/gcc/pic32c/8.3.1/../../../../pic32c/lib/thumb/v8-m.base/nofp\libc-musl.a(stdout.o)
 .debug_aranges
                0x00000a48       0x20 c:/program files/microchip/xc32/v4.21/bin/bin/../../lib/gcc/pic32c/8.3.1/../../../../pic32c/lib/thumb/v8-m.base/nofp\libc-musl.a(setbuf.o)
 .debug_aranges
                0x00000a68       0x20 c:/program files/microchip/xc32/v4.21/bin/bin/../../lib/gcc/pic32c/8.3.1/../../../../pic32c/lib/thumb/v8-m.base/nofp\libc-musl.a(atoi.o)
 .debug_aranges
                0x00000a88       0x20 c:/program files/microchip/xc32/v4.21/bin/bin/../../lib/gcc/pic32c/8.3.1/../../../../pic32c/lib/thumb/v8-m.base/nofp\libc-musl.a(memcpy.o)
 .debug_aranges
                0x00000aa8       0x20 c:/program files/microchip/xc32/v4.21/bin/bin/../../lib/gcc/pic32c/8.3.1/../../../../pic32c/lib/thumb/v8-m.base/nofp\libc-musl.a(memset.o)
 .debug_aranges
                0x00000ac8       0x20 c:/program files/microchip/xc32/v4.21/bin/bin/../../lib/gcc/pic32c/8.3.1/../../../../pic32c/lib/thumb/v8-m.base/nofp\libc-musl.a(strlen.o)
 .debug_aranges
                0x00000ae8       0x18 c:/program files/microchip/xc32/v4.21/bin/bin/../../lib/gcc/pic32c/8.3.1/../../../../pic32c/lib/thumb/v8-m.base/nofp\libc-musl.a(__environ.o)
 .debug_aranges
                0x00000b00       0x18 c:/program files/microchip/xc32/v4.21/bin/bin/../../lib/gcc/pic32c/8.3.1/../../../../pic32c/lib/thumb/v8-m.base/nofp\libc-musl.a(__errno_location.o)
 .debug_aranges
                0x00000b18       0x20 c:/program files/microchip/xc32/v4.21/bin/bin/../../lib/gcc/pic32c/8.3.1/../../../../pic32c/lib/thumb/v8-m.base/nofp\libc-musl.a(__int_vsprintf.o)
 .debug_aranges
                0x00000b38       0x20 c:/program files/microchip/xc32/v4.21/bin/bin/../../lib/gcc/pic32c/8.3.1/../../../../pic32c/lib/thumb/v8-m.base/nofp\libc-musl.a(__pop_float.o)
 .debug_aranges
                0x00000b58       0x20 c:/program files/microchip/xc32/v4.21/bin/bin/../../lib/gcc/pic32c/8.3.1/../../../../pic32c/lib/thumb/v8-m.base/nofp\libc-musl.a(__stdio_read.o)
 .debug_aranges
                0x00000b78       0x20 c:/program files/microchip/xc32/v4.21/bin/bin/../../lib/gcc/pic32c/8.3.1/../../../../pic32c/lib/thumb/v8-m.base/nofp\libc-musl.a(__towrite_rw.o)
 .debug_aranges
                0x00000b98       0x28 c:/program files/microchip/xc32/v4.21/bin/bin/../../lib/gcc/pic32c/8.3.1/../../../../pic32c/lib/thumb/v8-m.base/nofp\libc-musl.a(setvbuf.o)
 .debug_aranges
                0x00000bc0       0x20 c:/program files/microchip/xc32/v4.21/bin/bin/../../lib/gcc/pic32c/8.3.1/../../../../pic32c/lib/thumb/v8-m.base/nofp\libc-musl.a(readv.o)
 .debug_aranges
                0x00000be0       0x20 c:/program files/microchip/xc32/v4.21/bin/bin/../../lib/gcc/pic32c/8.3.1/../../../../pic32c/lib/thumb/v8-m.base/nofp\libc-musl.a(__int_vsnprintf.o)
 .debug_aranges
                0x00000c00       0x28 c:/program files/microchip/xc32/v4.21/bin/bin/../../lib/gcc/pic32c/8.3.1/../../../../pic32c/lib/thumb/v8-m.base/nofp\libc-musl.a(__init_stdio.o)
 .debug_aranges
                0x00000c28       0x28 c:/program files/microchip/xc32/v4.21/bin/bin/../../lib/gcc/pic32c/8.3.1/../../../../pic32c/lib/thumb/v8-m.base/nofp\libc-musl.a(__out.o)
 .debug_aranges
                0x00000c50       0x30 c:/program files/microchip/xc32/v4.21/bin/bin/../../lib/gcc/pic32c/8.3.1/../../../../pic32c/lib/thumb/v8-m.base/nofp\libc-musl.a(__stderr.o)
 .debug_aranges
                0x00000c80       0x28 c:/program files/microchip/xc32/v4.21/bin/bin/../../lib/gcc/pic32c/8.3.1/../../../../pic32c/lib/thumb/v8-m.base/nofp\libc-musl.a(__stdio_close.o)
 .debug_aranges
                0x00000ca8       0x28 c:/program files/microchip/xc32/v4.21/bin/bin/../../lib/gcc/pic32c/8.3.1/../../../../pic32c/lib/thumb/v8-m.base/nofp\libc-musl.a(__stdio_write.o)
 .debug_aranges
                0x00000cd0       0x30 c:/program files/microchip/xc32/v4.21/bin/bin/../../lib/gcc/pic32c/8.3.1/../../../../pic32c/lib/thumb/v8-m.base/nofp\libc-musl.a(__stdout.o)
 .debug_aranges
                0x00000d00       0x28 c:/program files/microchip/xc32/v4.21/bin/bin/../../lib/gcc/pic32c/8.3.1/../../../../pic32c/lib/thumb/v8-m.base/nofp\libc-musl.a(__towrite.o)
 .debug_aranges
                0x00000d28       0x20 c:/program files/microchip/xc32/v4.21/bin/bin/../../lib/gcc/pic32c/8.3.1/../../../../pic32c/lib/thumb/v8-m.base/nofp\libc-musl.a(writev.o)
 .debug_aranges
                0x00000d48       0x20 c:/program files/microchip/xc32/v4.21/bin/bin/../../lib/gcc/pic32c/8.3.1/../../../../pic32c/lib/thumb/v8-m.base/nofp\libc-musl.a(__int_vfprintf.o)
 .debug_aranges
                0x00000d68       0x28 c:/program files/microchip/xc32/v4.21/bin/bin/../../lib/gcc/pic32c/8.3.1/../../../../pic32c/lib/thumb/v8-m.base/nofp\libc-musl.a(__fwrite.o)
 .debug_aranges
                0x00000d90       0x20 c:/program files/microchip/xc32/v4.21/bin/bin/../../lib/gcc/pic32c/8.3.1/thumb/v8-m.base/nofp\libgcc.a(_lshrdi3.o)
 .debug_aranges
                0x00000db0       0x20 c:/program files/microchip/xc32/v4.21/bin/bin/../../lib/gcc/pic32c/8.3.1/thumb/v8-m.base/nofp\libgcc.a(_ashldi3.o)
 .debug_aranges
                0x00000dd0       0x20 c:/program files/microchip/xc32/v4.21/bin/bin/../../lib/gcc/pic32c/8.3.1/thumb/v8-m.base/nofp\libgcc.a(_aeabi_uldivmod.o)
 .debug_aranges
                0x00000df0       0x20 c:/program files/microchip/xc32/v4.21/bin/bin/../../lib/gcc/pic32c/8.3.1/thumb/v8-m.base/nofp\libgcc.a(_muldi3.o)
 .debug_aranges
                0x00000e10       0x20 c:/program files/microchip/xc32/v4.21/bin/bin/../../lib/gcc/pic32c/8.3.1/thumb/v8-m.base/nofp\libgcc.a(_udivmoddi4.o)
 .debug_aranges
                0x00000e30       0x20 c:/program files/microchip/xc32/v4.21/bin/bin/../../lib/gcc/pic32c/8.3.1/thumb/v8-m.base/nofp\libgcc.a(_dvmd_tls.o)
 .debug_aranges
                0x00000e50       0x20 c:/program files/microchip/xc32/v4.21/bin/bin/../../lib/gcc/pic32c/8.3.1/thumb/v8-m.base/nofp\libgcc.a(_clzsi2.o)
 .debug_aranges
                0x00000e70       0x20 c:/program files/microchip/xc32/v4.21/bin/bin/../../lib/gcc/pic32c/8.3.1/../../../../pic32c/lib/thumb/v8-m.base/nofp\libpic32c.a(close.o)
 .debug_aranges
                0x00000e90       0x20 c:/program files/microchip/xc32/v4.21/bin/bin/../../lib/gcc/pic32c/8.3.1/../../../../pic32c/lib/thumb/v8-m.base/nofp\libpic32c.a(lseek.o)
 .debug_aranges
                0x00000eb0       0x20 c:/program files/microchip/xc32/v4.21/bin/bin/../../lib/gcc/pic32c/8.3.1/../../../../pic32c/lib/thumb/v8-m.base/nofp\libpic32c.a(sbrk.o)

.debug_ranges   0x00000000      0xf68
 .debug_ranges  0x00000000       0x10 build/LE00Sercom/production/_ext/1458772643/plib_clock.o
 .debug_ranges  0x00000010       0x10 build/LE00Sercom/production/_ext/1456623157/plib_evsys.o
 .debug_ranges  0x00000020       0x28 build/LE00Sercom/production/_ext/600909389/plib_nvic.o
 .debug_ranges  0x00000048       0x90 build/LE00Sercom/production/_ext/264108769/plib_nvmctrl.o
 .debug_ranges  0x000000d8       0x30 build/LE00Sercom/production/_ext/1904533746/plib_pm.o
 .debug_ranges  0x00000108       0x60 build/LE00Sercom/production/_ext/600856238/plib_port.o
 .debug_ranges  0x00000168       0x98 build/LE00Sercom/production/_ext/1031848040/plib_sercom2_usart.o
 .debug_ranges  0x00000200       0x58 build/LE00Sercom/production/_ext/1904533632/plib_tc0.o
 .debug_ranges  0x00000258       0x68 build/LE00Sercom/production/_ext/1904533632/plib_tc2.o
 .debug_ranges  0x000002c0       0x18 build/LE00Sercom/production/_ext/600734328/plib_trng.o
 .debug_ranges  0x000002d8       0x18 build/LE00Sercom/production/_ext/906818599/xc32_monitor.o
 .debug_ranges  0x000002f0       0x48 build/LE00Sercom/production/_ext/1384480762/sys_int.o
 .debug_ranges  0x00000338      0x1a0 build/LE00Sercom/production/_ext/1726704544/sys_time.o
 .debug_ranges  0x000004d8       0x18 build/LE00Sercom/production/_ext/268858925/exceptions.o
 .debug_ranges  0x000004f0       0x18 build/LE00Sercom/production/_ext/268858925/startup_xc32.o
 .debug_ranges  0x00000508       0x10 build/LE00Sercom/production/_ext/268858925/interrupts.o
 .debug_ranges  0x00000518       0x10 build/LE00Sercom/production/_ext/268858925/initialization.o
 .debug_ranges  0x00000528       0x10 build/LE00Sercom/production/_ext/268858925/tasks.o
 .debug_ranges  0x00000538       0x18 build/LE00Sercom/production/_ext/172253694/crypt_wolfcryptcb.o
 .debug_ranges  0x00000550      0x398 build/LE00Sercom/production/_ext/1664057780/cryptocb.o
 .debug_ranges  0x000008e8       0x28 build/LE00Sercom/production/_ext/1360937237/main.o
 .debug_ranges  0x00000910       0x18 build/LE00Sercom/production/_ext/1360937237/app.o
 .debug_ranges  0x00000928       0x10 c:/program files/microchip/xc32/v4.21/bin/bin/../../lib/gcc/pic32c/8.3.1/../../../../pic32c/lib/thumb/v8-m.base/nofp\libpic32c.a(data_init_wrapper.o)
 .debug_ranges  0x00000938       0x10 c:/program files/microchip/xc32/v4.21/bin/bin/../../lib/gcc/pic32c/8.3.1/../../../../pic32c/lib/thumb/v8-m.base/nofp\libpic32c.a(data_init_0_1.o)
 .debug_ranges  0x00000948       0x18 c:/program files/microchip/xc32/v4.21/bin/bin/../../lib/gcc/pic32c/8.3.1/../../../../pic32c/lib/thumb/v8-m.base/nofp\libc-musl.a(tolower.o)
 .debug_ranges  0x00000960       0x18 c:/program files/microchip/xc32/v4.21/bin/bin/../../lib/gcc/pic32c/8.3.1/../../../../pic32c/lib/thumb/v8-m.base/nofp\libc-musl.a(toupper.o)
 .debug_ranges  0x00000978       0x38 c:/program files/microchip/xc32/v4.21/bin/bin/../../lib/gcc/pic32c/8.3.1/../../../../pic32c/lib/thumb/v8-m.base/nofp\libc-musl.a(__libc_start_main.o)
 .debug_ranges  0x000009b0      0x1b0 c:/program files/microchip/xc32/v4.21/bin/bin/../../lib/gcc/pic32c/8.3.1/../../../../pic32c/lib/thumb/v8-m.base/nofp\libc-musl.a(malloc.o)
 .debug_ranges  0x00000b60       0x10 c:/program files/microchip/xc32/v4.21/bin/bin/../../lib/gcc/pic32c/8.3.1/../../../../pic32c/lib/thumb/v8-m.base/nofp\libc-musl.a(expand_heap.o)
 .debug_ranges  0x00000b70       0x18 c:/program files/microchip/xc32/v4.21/bin/bin/../../lib/gcc/pic32c/8.3.1/../../../../pic32c/lib/thumb/v8-m.base/nofp\libc-musl.a(__sio_sprintf_doux.o)
 .debug_ranges  0x00000b88       0x10 c:/program files/microchip/xc32/v4.21/bin/bin/../../lib/gcc/pic32c/8.3.1/../../../../pic32c/lib/thumb/v8-m.base/nofp\libc-musl.a(__fmt_d.o)
 .debug_ranges  0x00000b98       0x10 c:/program files/microchip/xc32/v4.21/bin/bin/../../lib/gcc/pic32c/8.3.1/../../../../pic32c/lib/thumb/v8-m.base/nofp\libc-musl.a(__fmt_o.o)
 .debug_ranges  0x00000ba8       0x10 c:/program files/microchip/xc32/v4.21/bin/bin/../../lib/gcc/pic32c/8.3.1/../../../../pic32c/lib/thumb/v8-m.base/nofp\libc-musl.a(__fmt_s.o)
 .debug_ranges  0x00000bb8       0x18 c:/program files/microchip/xc32/v4.21/bin/bin/../../lib/gcc/pic32c/8.3.1/../../../../pic32c/lib/thumb/v8-m.base/nofp\libc-musl.a(__fmt_u.o)
 .debug_ranges  0x00000bd0       0x10 c:/program files/microchip/xc32/v4.21/bin/bin/../../lib/gcc/pic32c/8.3.1/../../../../pic32c/lib/thumb/v8-m.base/nofp\libc-musl.a(__fmt_x.o)
 .debug_ranges  0x00000be0       0x10 c:/program files/microchip/xc32/v4.21/bin/bin/../../lib/gcc/pic32c/8.3.1/../../../../pic32c/lib/thumb/v8-m.base/nofp\libc-musl.a(__pop_int.o)
 .debug_ranges  0x00000bf0       0x10 c:/program files/microchip/xc32/v4.21/bin/bin/../../lib/gcc/pic32c/8.3.1/../../../../pic32c/lib/thumb/v8-m.base/nofp\libc-musl.a(__pop_ptr.o)
 .debug_ranges  0x00000c00       0x58 c:/program files/microchip/xc32/v4.21/bin/bin/../../lib/gcc/pic32c/8.3.1/../../../../pic32c/lib/thumb/v8-m.base/nofp\libc-musl.a(__printf_core.o)
 .debug_ranges  0x00000c58       0x18 c:/program files/microchip/xc32/v4.21/bin/bin/../../lib/gcc/pic32c/8.3.1/../../../../pic32c/lib/thumb/v8-m.base/nofp\libc-musl.a(stdin.o)
 .debug_ranges  0x00000c70       0x20 c:/program files/microchip/xc32/v4.21/bin/bin/../../lib/gcc/pic32c/8.3.1/../../../../pic32c/lib/thumb/v8-m.base/nofp\libc-musl.a(stdout.o)
 .debug_ranges  0x00000c90       0x10 c:/program files/microchip/xc32/v4.21/bin/bin/../../lib/gcc/pic32c/8.3.1/../../../../pic32c/lib/thumb/v8-m.base/nofp\libc-musl.a(setbuf.o)
 .debug_ranges  0x00000ca0       0x10 c:/program files/microchip/xc32/v4.21/bin/bin/../../lib/gcc/pic32c/8.3.1/../../../../pic32c/lib/thumb/v8-m.base/nofp\libc-musl.a(atoi.o)
 .debug_ranges  0x00000cb0       0x10 c:/program files/microchip/xc32/v4.21/bin/bin/../../lib/gcc/pic32c/8.3.1/../../../../pic32c/lib/thumb/v8-m.base/nofp\libc-musl.a(memcpy.o)
 .debug_ranges  0x00000cc0       0x10 c:/program files/microchip/xc32/v4.21/bin/bin/../../lib/gcc/pic32c/8.3.1/../../../../pic32c/lib/thumb/v8-m.base/nofp\libc-musl.a(memset.o)
 .debug_ranges  0x00000cd0       0x10 c:/program files/microchip/xc32/v4.21/bin/bin/../../lib/gcc/pic32c/8.3.1/../../../../pic32c/lib/thumb/v8-m.base/nofp\libc-musl.a(strlen.o)
 .debug_ranges  0x00000ce0       0x10 c:/program files/microchip/xc32/v4.21/bin/bin/../../lib/gcc/pic32c/8.3.1/../../../../pic32c/lib/thumb/v8-m.base/nofp\libc-musl.a(__int_vsprintf.o)
 .debug_ranges  0x00000cf0       0x10 c:/program files/microchip/xc32/v4.21/bin/bin/../../lib/gcc/pic32c/8.3.1/../../../../pic32c/lib/thumb/v8-m.base/nofp\libc-musl.a(__pop_float.o)
 .debug_ranges  0x00000d00       0x10 c:/program files/microchip/xc32/v4.21/bin/bin/../../lib/gcc/pic32c/8.3.1/../../../../pic32c/lib/thumb/v8-m.base/nofp\libc-musl.a(__stdio_read.o)
 .debug_ranges  0x00000d10       0x10 c:/program files/microchip/xc32/v4.21/bin/bin/../../lib/gcc/pic32c/8.3.1/../../../../pic32c/lib/thumb/v8-m.base/nofp\libc-musl.a(__towrite_rw.o)
 .debug_ranges  0x00000d20       0x18 c:/program files/microchip/xc32/v4.21/bin/bin/../../lib/gcc/pic32c/8.3.1/../../../../pic32c/lib/thumb/v8-m.base/nofp\libc-musl.a(setvbuf.o)
 .debug_ranges  0x00000d38       0x10 c:/program files/microchip/xc32/v4.21/bin/bin/../../lib/gcc/pic32c/8.3.1/../../../../pic32c/lib/thumb/v8-m.base/nofp\libc-musl.a(readv.o)
 .debug_ranges  0x00000d48       0x10 c:/program files/microchip/xc32/v4.21/bin/bin/../../lib/gcc/pic32c/8.3.1/../../../../pic32c/lib/thumb/v8-m.base/nofp\libc-musl.a(__int_vsnprintf.o)
 .debug_ranges  0x00000d58       0x18 c:/program files/microchip/xc32/v4.21/bin/bin/../../lib/gcc/pic32c/8.3.1/../../../../pic32c/lib/thumb/v8-m.base/nofp\libc-musl.a(__init_stdio.o)
 .debug_ranges  0x00000d70       0x18 c:/program files/microchip/xc32/v4.21/bin/bin/../../lib/gcc/pic32c/8.3.1/../../../../pic32c/lib/thumb/v8-m.base/nofp\libc-musl.a(__out.o)
 .debug_ranges  0x00000d88       0x20 c:/program files/microchip/xc32/v4.21/bin/bin/../../lib/gcc/pic32c/8.3.1/../../../../pic32c/lib/thumb/v8-m.base/nofp\libc-musl.a(__stderr.o)
 .debug_ranges  0x00000da8       0x18 c:/program files/microchip/xc32/v4.21/bin/bin/../../lib/gcc/pic32c/8.3.1/../../../../pic32c/lib/thumb/v8-m.base/nofp\libc-musl.a(__stdio_close.o)
 .debug_ranges  0x00000dc0       0x30 c:/program files/microchip/xc32/v4.21/bin/bin/../../lib/gcc/pic32c/8.3.1/../../../../pic32c/lib/thumb/v8-m.base/nofp\libc-musl.a(__stdio_write.o)
 .debug_ranges  0x00000df0       0x20 c:/program files/microchip/xc32/v4.21/bin/bin/../../lib/gcc/pic32c/8.3.1/../../../../pic32c/lib/thumb/v8-m.base/nofp\libc-musl.a(__stdout.o)
 .debug_ranges  0x00000e10       0x18 c:/program files/microchip/xc32/v4.21/bin/bin/../../lib/gcc/pic32c/8.3.1/../../../../pic32c/lib/thumb/v8-m.base/nofp\libc-musl.a(__towrite.o)
 .debug_ranges  0x00000e28       0x10 c:/program files/microchip/xc32/v4.21/bin/bin/../../lib/gcc/pic32c/8.3.1/../../../../pic32c/lib/thumb/v8-m.base/nofp\libc-musl.a(writev.o)
 .debug_ranges  0x00000e38       0x10 c:/program files/microchip/xc32/v4.21/bin/bin/../../lib/gcc/pic32c/8.3.1/../../../../pic32c/lib/thumb/v8-m.base/nofp\libc-musl.a(__int_vfprintf.o)
 .debug_ranges  0x00000e48       0x18 c:/program files/microchip/xc32/v4.21/bin/bin/../../lib/gcc/pic32c/8.3.1/../../../../pic32c/lib/thumb/v8-m.base/nofp\libc-musl.a(__fwrite.o)
 .debug_ranges  0x00000e60       0x28 c:/program files/microchip/xc32/v4.21/bin/bin/../../lib/gcc/pic32c/8.3.1/thumb/v8-m.base/nofp\libgcc.a(_muldi3.o)
 .debug_ranges  0x00000e88       0xb0 c:/program files/microchip/xc32/v4.21/bin/bin/../../lib/gcc/pic32c/8.3.1/thumb/v8-m.base/nofp\libgcc.a(_udivmoddi4.o)
 .debug_ranges  0x00000f38       0x10 c:/program files/microchip/xc32/v4.21/bin/bin/../../lib/gcc/pic32c/8.3.1/../../../../pic32c/lib/thumb/v8-m.base/nofp\libpic32c.a(close.o)
 .debug_ranges  0x00000f48       0x10 c:/program files/microchip/xc32/v4.21/bin/bin/../../lib/gcc/pic32c/8.3.1/../../../../pic32c/lib/thumb/v8-m.base/nofp\libpic32c.a(lseek.o)
 .debug_ranges  0x00000f58       0x10 c:/program files/microchip/xc32/v4.21/bin/bin/../../lib/gcc/pic32c/8.3.1/../../../../pic32c/lib/thumb/v8-m.base/nofp\libpic32c.a(sbrk.o)

.debug_line     0x00000000     0xb17a
 .debug_line    0x00000000      0x231 build/LE00Sercom/production/_ext/1458772643/plib_clock.o
 .debug_line    0x00000231       0x69 build/LE00Sercom/production/_ext/1456623157/plib_evsys.o
 .debug_line    0x0000029a      0x2aa build/LE00Sercom/production/_ext/600909389/plib_nvic.o
 .debug_line    0x00000544      0x448 build/LE00Sercom/production/_ext/264108769/plib_nvmctrl.o
 .debug_line    0x0000098c      0x237 build/LE00Sercom/production/_ext/1904533746/plib_pm.o
 .debug_line    0x00000bc3      0x293 build/LE00Sercom/production/_ext/600856238/plib_port.o
 .debug_line    0x00000e56      0x695 build/LE00Sercom/production/_ext/1031848040/plib_sercom2_usart.o
 .debug_line    0x000014eb      0x2f3 build/LE00Sercom/production/_ext/1904533632/plib_tc0.o
 .debug_line    0x000017de      0x37e build/LE00Sercom/production/_ext/1904533632/plib_tc2.o
 .debug_line    0x00001b5c      0x133 build/LE00Sercom/production/_ext/600734328/plib_trng.o
 .debug_line    0x00001c8f      0x154 build/LE00Sercom/production/_ext/906818599/xc32_monitor.o
 .debug_line    0x00001de3      0x2e0 build/LE00Sercom/production/_ext/1384480762/sys_int.o
 .debug_line    0x000020c3     0x1234 build/LE00Sercom/production/_ext/1726704544/sys_time.o
 .debug_line    0x000032f7       0x71 build/LE00Sercom/production/_ext/268858925/exceptions.o
 .debug_line    0x00003368      0x15a build/LE00Sercom/production/_ext/268858925/startup_xc32.o
 .debug_line    0x000034c2       0xbd build/LE00Sercom/production/_ext/268858925/interrupts.o
 .debug_line    0x0000357f      0x4da build/LE00Sercom/production/_ext/268858925/initialization.o
 .debug_line    0x00003a59       0x6c build/LE00Sercom/production/_ext/268858925/tasks.o
 .debug_line    0x00003ac5      0x15f build/LE00Sercom/production/_ext/172253694/crypt_wolfcryptcb.o